<html>
<body>
<pre>
<h1>µVision Build Log</h1>
<h2>Tool Versions:</h2>
IDE-Version: ¦ÌVision V5.23.0.0
Copyright (C) 2017 ARM Ltd and ARM Germany GmbH. All rights reserved.
License Information: lz kwok, »ªÎª, LIC=EXJEV-PV512-7R7X3-ADKKF-S74GN-8NRAR
 
Tool Versions:
Toolchain:       MDK-ARM Plus  Version: 5.23
Toolchain Path:  E:\Programfiles\Keil\ARM\ARMCC\Bin
C Compiler:      Armcc.exe V5.06 update 4 (build 422)
Assembler:       Armasm.exe V5.06 update 4 (build 422)
Linker/Locator:  ArmLink.exe V5.06 update 4 (build 422)
Library Manager: ArmAr.exe V5.06 update 4 (build 422)
Hex Converter:   FromElf.exe V5.06 update 4 (build 422)
CPU DLL:         SARMCM3.DLL V5.23
Dialog DLL:      DCM.DLL V1.15.0.0
Target DLL:      STLink\ST-LINKIII-KEIL_SWO.dll V2.0.18.0
Dialog DLL:      TCM.DLL V1.27.0.0
 
<h2>Project:</h2>
G:\04  MyDesign\22  gateway\Lora_Lock_GateWay_v1.1\USER\RTT_Myproject.uvprojx
Project File Date:  04/18/2019

<h2>Output:</h2>
*** Using Compiler 'V5.06 update 4 (build 422)', folder: 'E:\Programfiles\Keil\ARM\ARMCC\Bin'
Build target 'RTT_Myproject_GLZ'
compiling device_usart.c...
linking...
Program Size: Code=25972 RO-data=764 RW-data=444 ZI-data=5396  
FromELF: creating hex file...
After Build - User command #1: E:\Programfiles\Keil\ARM\ARMCC\bin\fromelf.exe  --bin -o ../OBJ/RTT_Myproject_GLZ.bin ../OBJ/RTT_Myproject_GLZ.axf
"..\OBJ\RTT_Myproject_GLZ.axf" - 0 Error(s), 0 Warning(s).

<h2>Software Packages used:</h2>

Package Vendor: rt-thread
                http://www.rt-thread.org/download/mdk/rt-thread.rtthread.2.1.1.pack
                rt-thread.RT-Thread::RTOS:kernel:2.1.2
                RT-Thread Software Components
   * Component: kernel Version: 2.1.2

<h2>Collection of Component include folders:</h2>
  .\RTE\RTOS
  .\RTE\_RTT_Myproject_GLZ
  E:\Programfiles\Keil\ARM\PACK\Keil\STM32F4xx_DFP\2.11.0\Drivers\CMSIS\Device\ST\STM32F4xx\Include
  E:\Programfiles\Keil\ARM\PACK\rt-thread\rtthread\2.1.1\include

<h2>Collection of Component Files used:</h2>

   * Component: rt-thread.RT-Thread::RTOS:kernel:2.1.2
      Source file:   libcpu\arm\cortex-m4\cpuport.c
      Source file:   src\kservice.c
      Source file:   bsp\board.c
      Source file:   src\components.c
      Source file:   src\device.c
      Source file:   src\thread.c
      Source file:   src\irq.c
      Source file:   src\timer.c
      Include file:  bsp\rtconfig.h
      Source file:   src\object.c
      Source file:   libcpu\arm\cortex-m4\context_rvds.S
      Source file:   src\mem.c
      Source file:   src\clock.c
      Source file:   src\ipc.c
      Source file:   src\scheduler.c
      Source file:   src\idle.c
Build Time Elapsed:  00:00:02
</pre>
</body>
</html>
