Component: ARM Compiler 5.06 update 4 (build 422) Tool: armlink [4d35d2]

==============================================================================

Section Cross References

    main.o(i.InitData) refers to device_flash.o(i.FlashRead) for FlashRead
    main.o(i.InitData) refers to system.o(.bss) for App
    main.o(i.InitData) refers to system.o(.data) for AppDataPointer
    main.o(i.InitData) refers to systemglobal.o(.data) for ABValue
    main.o(i.main) refers to main.o(i.InitData) for InitData
    main.o(i.main) refers to thread.o(i.rt_thread_create) for rt_thread_create
    main.o(i.main) refers to thread.o(i.rt_thread_startup) for rt_thread_startup
    main.o(i.main) refers to kservice.o(i.rt_kprintf) for rt_kprintf
    main.o(i.main) refers to device_atk_as608.o(i.thread_Fingerprint_Detect_entry) for thread_Fingerprint_Detect_entry
    main.o(i.main) refers to main.o(.data) for task1
    main.o(i.rt_hw_console_output) refers to scheduler.o(i.rt_enter_critical) for rt_enter_critical
    main.o(i.rt_hw_console_output) refers to scheduler.o(i.rt_exit_critical) for rt_exit_critical
    main.o(i.rt_hw_console_output) refers to system.o(.bss) for System
    stm32f4xx_it.o(i.OTG_FS_IRQHandler) refers to stm32f4xx_hal_pcd.o(i.HAL_PCD_IRQHandler) for HAL_PCD_IRQHandler
    stm32f4xx_it.o(i.OTG_FS_IRQHandler) refers to usbd_conf.o(.bss) for hpcd_USB_OTG_FS
    system_stm32f4xx.o(i.SystemCoreClockUpdate) refers to system_stm32f4xx.o(.data) for SystemCoreClock
    system_stm32f4xx.o(i.SystemCoreClockUpdate) refers to system_stm32f4xx.o(.constdata) for AHBPrescTable
    startup_stm32f401xe.o(RESET) refers to startup_stm32f401xe.o(STACK) for __initial_sp
    startup_stm32f401xe.o(RESET) refers to startup_stm32f401xe.o(.text) for Reset_Handler
    startup_stm32f401xe.o(RESET) refers to stm32f4xx_it.o(i.NMI_Handler) for NMI_Handler
    startup_stm32f401xe.o(RESET) refers to context_rvds.o(.text) for HardFault_Handler
    startup_stm32f401xe.o(RESET) refers to stm32f4xx_it.o(i.MemManage_Handler) for MemManage_Handler
    startup_stm32f401xe.o(RESET) refers to stm32f4xx_it.o(i.BusFault_Handler) for BusFault_Handler
    startup_stm32f401xe.o(RESET) refers to stm32f4xx_it.o(i.UsageFault_Handler) for UsageFault_Handler
    startup_stm32f401xe.o(RESET) refers to stm32f4xx_it.o(i.SVC_Handler) for SVC_Handler
    startup_stm32f401xe.o(RESET) refers to stm32f4xx_it.o(i.DebugMon_Handler) for DebugMon_Handler
    startup_stm32f401xe.o(RESET) refers to board.o(i.SysTick_Handler) for SysTick_Handler
    startup_stm32f401xe.o(RESET) refers to device_usart.o(i.USART1_IRQHandler) for USART1_IRQHandler
    startup_stm32f401xe.o(RESET) refers to device_usart.o(i.USART2_IRQHandler) for USART2_IRQHandler
    startup_stm32f401xe.o(RESET) refers to device_usart.o(i.DMA2_Stream2_IRQHandler) for DMA2_Stream2_IRQHandler
    startup_stm32f401xe.o(RESET) refers to stm32f4xx_it.o(i.OTG_FS_IRQHandler) for OTG_FS_IRQHandler
    startup_stm32f401xe.o(RESET) refers to device_usart.o(i.DMA2_Stream7_IRQHandler) for DMA2_Stream7_IRQHandler
    startup_stm32f401xe.o(.text) refers to system_stm32f4xx.o(i.SystemInit) for SystemInit
    startup_stm32f401xe.o(.text) refers to entry.o(.ARM.Collect$$$$00000000) for __main
    stm32f4xx_hal.o(i.HAL_DeInit) refers to stm32f4xx_hal.o(i.HAL_MspDeInit) for HAL_MspDeInit
    stm32f4xx_hal.o(i.HAL_Delay) refers to stm32f4xx_hal.o(i.HAL_GetTick) for HAL_GetTick
    stm32f4xx_hal.o(i.HAL_GetTick) refers to stm32f4xx_hal.o(.data) for uwTick
    stm32f4xx_hal.o(i.HAL_IncTick) refers to stm32f4xx_hal.o(.data) for uwTick
    stm32f4xx_hal.o(i.HAL_Init) refers to stm32f4xx_hal_cortex.o(i.HAL_NVIC_SetPriorityGrouping) for HAL_NVIC_SetPriorityGrouping
    stm32f4xx_hal.o(i.HAL_Init) refers to stm32f4xx_hal.o(i.HAL_InitTick) for HAL_InitTick
    stm32f4xx_hal.o(i.HAL_Init) refers to stm32f4xx_hal.o(i.HAL_MspInit) for HAL_MspInit
    stm32f4xx_hal.o(i.HAL_InitTick) refers to stm32f4xx_hal_rcc.o(i.HAL_RCC_GetHCLKFreq) for HAL_RCC_GetHCLKFreq
    stm32f4xx_hal.o(i.HAL_InitTick) refers to stm32f4xx_hal_cortex.o(i.HAL_SYSTICK_Config) for HAL_SYSTICK_Config
    stm32f4xx_hal.o(i.HAL_InitTick) refers to stm32f4xx_hal_cortex.o(i.HAL_NVIC_SetPriority) for HAL_NVIC_SetPriority
    stm32f4xx_hal_cortex.o(i.HAL_NVIC_GetPriorityGrouping) refers to stm32f4xx_hal_cortex.o(i.NVIC_GetPriorityGrouping) for NVIC_GetPriorityGrouping
    stm32f4xx_hal_cortex.o(i.HAL_NVIC_SetPriority) refers to stm32f4xx_hal_cortex.o(i.NVIC_GetPriorityGrouping) for NVIC_GetPriorityGrouping
    stm32f4xx_hal_cortex.o(i.HAL_NVIC_SetPriority) refers to stm32f4xx_hal_cortex.o(i.NVIC_SetPriority) for NVIC_SetPriority
    stm32f4xx_hal_cortex.o(i.HAL_SYSTICK_Config) refers to stm32f4xx_hal_cortex.o(i.NVIC_SetPriority) for NVIC_SetPriority
    stm32f4xx_hal_cortex.o(i.HAL_SYSTICK_IRQHandler) refers to stm32f4xx_hal_cortex.o(i.HAL_SYSTICK_Callback) for HAL_SYSTICK_Callback
[...]
    i.rt_timer_start                         0x08005d98   Section        0  timer.o(i.rt_timer_start)
    i.rt_timer_stop                          0x08005e90   Section        0  timer.o(i.rt_timer_stop)
    i.rt_vsnprintf                           0x08005ec0   Section        0  kservice.o(i.rt_vsnprintf)
    i.rti_board_end                          0x080061e8   Section        0  components.o(i.rti_board_end)
    rti_board_end                            0x080061e9   Thumb Code     4  components.o(i.rti_board_end)
    i.rti_board_start                        0x080061ec   Section        0  components.o(i.rti_board_start)
    rti_board_start                          0x080061ed   Thumb Code     4  components.o(i.rti_board_start)
    i.rti_end                                0x080061f0   Section        0  components.o(i.rti_end)
    rti_end                                  0x080061f1   Thumb Code     4  components.o(i.rti_end)
    i.rtthread_startup                       0x080061f4   Section        0  components.o(i.rtthread_startup)
    i.skip_atoi                              0x0800621e   Section        0  kservice.o(i.skip_atoi)
    skip_atoi                                0x0800621f   Thumb Code    38  kservice.o(i.skip_atoi)
    i.thread_Fingerprint_Detect_entry        0x08006244   Section        0  device_atk_as608.o(i.thread_Fingerprint_Detect_entry)
    i.uart1_SendByte                         0x0800631c   Section        0  device_usart.o(i.uart1_SendByte)
    i.uart1_SendData_DMA                     0x08006334   Section        0  device_usart.o(i.uart1_SendData_DMA)
    i.uart1_SendNByte                        0x0800636c   Section        0  device_usart.o(i.uart1_SendNByte)
    i.uart1_SendString                       0x08006388   Section        0  device_usart.o(i.uart1_SendString)
    i.uart1_init                             0x080063ac   Section        0  device_usart.o(i.uart1_init)
    i.uart2_SendByte                         0x080065b4   Section        0  device_usart.o(i.uart2_SendByte)
    i.uart2_SendString                       0x080065cc   Section        0  device_usart.o(i.uart2_SendString)
    i.uart2_init                             0x080065f0   Section        0  device_usart.o(i.uart2_init)
    .constdata                               0x08006708   Section       16  stm32f4xx_hal_rcc.o(.constdata)
    .constdata                               0x08006718   Section        8  stm32f4xx_hal_dma.o(.constdata)
    flagBitshiftOffset                       0x08006718   Data           8  stm32f4xx_hal_dma.o(.constdata)
    .constdata                               0x08006720   Section      290  kservice.o(.constdata)
    small_digits                             0x08006820   Data          17  kservice.o(.constdata)
    large_digits                             0x08006831   Data          17  kservice.o(.constdata)
    .rti_fn.0.end                            0x08006844   Section        4  components.o(.rti_fn.0.end)
    .rti_fn.1.end                            0x08006848   Section        4  components.o(.rti_fn.1.end)
    .rti_fn.6.end                            0x0800684c   Section        4  components.o(.rti_fn.6.end)
    .data                                    0x20000000   Section       12  main.o(.data)
    task1                                    0x20000000   Data           4  main.o(.data)
    task2                                    0x20000004   Data           4  main.o(.data)
    task3                                    0x20000008   Data           4  main.o(.data)
    .data                                    0x2000000c   Section        4  system_stm32f4xx.o(.data)
    .data                                    0x20000010   Section        4  stm32f4xx_hal.o(.data)
    uwTick                                   0x20000010   Data           4  stm32f4xx_hal.o(.data)
    .data                                    0x20000014   Section       44  system.o(.data)
    fac_us                                   0x20000018   Data           1  system.o(.data)
    fac_ms                                   0x2000001a   Data           2  system.o(.data)
    PLLM                                     0x20000020   Data           4  system.o(.data)
    PLLN                                     0x20000024   Data           4  system.o(.data)
    PLLP                                     0x20000028   Data           4  system.o(.data)
    PLLQ                                     0x2000002c   Data           4  system.o(.data)
    PLLM                                     0x20000030   Data           4  system.o(.data)
    PLLN                                     0x20000034   Data           4  system.o(.data)
    PLLP                                     0x20000038   Data           4  system.o(.data)
    PLLQ                                     0x2000003c   Data           4  system.o(.data)
    .data                                    0x20000040   Section      188  systemglobal.o(.data)
    .data                                    0x200000fc   Section       12  device_usart.o(.data)
    handshake_status                         0x20000100   Data           1  device_usart.o(.data)
    .data                                    0x20000108   Section       12  device_atk_as608.o(.data)
    det_flag                                 0x20000112   Data           1  device_atk_as608.o(.data)
    last_det_flag                            0x20000113   Data           1  device_atk_as608.o(.data)
    .data                                    0x20000114   Section        1  usbd_ctlreq.o(.data)
    cfgidx                                   0x20000114   Data           1  usbd_ctlreq.o(.data)
    .data                                    0x20000118   Section       16  cpuport.o(.data)
    rt_exception_hook                        0x20000124   Data           4  cpuport.o(.data)
    .data                                    0x20000128   Section        4  clock.o(.data)
    rt_tick                                  0x20000128   Data           4  clock.o(.data)
    .data                                    0x2000012c   Section        1  irq.o(.data)
    .data                                    0x20000130   Section       24  mem.o(.data)
    heap_ptr                                 0x20000130   Data           4  mem.o(.data)
    heap_end                                 0x20000134   Data           4  mem.o(.data)
    lfree                                    0x20000138   Data           4  mem.o(.data)
    mem_size_aligned                         0x2000013c   Data           4  mem.o(.data)
    used_mem                                 0x20000140   Data           4  mem.o(.data)
    max_mem                                  0x20000144   Data           4  mem.o(.data)
    .data                                    0x20000148   Section       80  object.o(.data)
    .data                                    0x20000198   Section       24  scheduler.o(.data)
    rt_scheduler_lock_nest                   0x20000198   Data           2  scheduler.o(.data)
    .data                                    0x200001b0   Section       12  timer.o(.data)
    rt_timer_list                            0x200001b0   Data           8  timer.o(.data)
    random_nr                                0x200001b8   Data           4  timer.o(.data)
    .bss                                     0x200001bc   Section      120  system.o(.bss)
    .bss                                     0x20000234   Section      890  systemglobal.o(.bss)
    .bss                                     0x200005ae   Section     1796  device_usart.o(.bss)
    .bss                                     0x20000cb4   Section       12  device_atk_as608.o(.bss)
    .bss                                     0x20000cc0   Section      952  usbd_conf.o(.bss)
    .bss                                     0x20001078   Section      376  idle.o(.bss)
    idle                                     0x20001078   Data         120  idle.o(.bss)
    rt_thread_stack                          0x200010f0   Data         256  idle.o(.bss)
    .bss                                     0x200011f0   Section      128  kservice.o(.bss)
    rt_log_buf                               0x200011f0   Data         128  kservice.o(.bss)
    .bss                                     0x20001270   Section       32  mem.o(.bss)
    heap_sem                                 0x20001270   Data          32  mem.o(.bss)
    .bss                                     0x20001290   Section       64  scheduler.o(.bss)
    STACK                                    0x200012d0   Section     1024  startup_stm32f401xe.o(STACK)

    Global Symbols

    Symbol Name                              Value     Ov Type        Size  Object(Section)

    BuildAttributes$$THM_ISAv4$E$P$D$K$B$S$7EM$VFPi3$EXTD16$VFPS$VFMA$PE$A:L22UL41UL21$X:L11$S22US41US21$IEEE1$IW$USESV6$~STKCKD$USESV7$~SHL$OTIME$ROPI$IEEEJ$EBA8$MICROLIB$REQ8$PRES8$EABIv2 0x00000000   Number         0  anon$$obj.o ABSOLUTE
    __ARM_use_no_argv                        0x00000000   Number         0  main.o ABSOLUTE
    __use_no_errno                           0x00000000   Number         0  useno.o ABSOLUTE
    __use_no_exception_handling              0x00000000   Number         0  useno.o ABSOLUTE
    __use_no_fp                              0x00000000   Number         0  useno.o ABSOLUTE
    __use_no_heap                            0x00000000   Number         0  useno.o ABSOLUTE
    __use_no_heap_region                     0x00000000   Number         0  useno.o ABSOLUTE
    __use_no_semihosting                     0x00000000   Number         0  useno.o ABSOLUTE
    __use_no_semihosting_swi                 0x00000000   Number         0  useno.o ABSOLUTE
    __use_no_signal_handling                 0x00000000   Number         0  useno.o ABSOLUTE
    _printf_a                                0x00000000   Number         0  stubs.o ABSOLUTE
    _printf_c                                0x00000000   Number         0  stubs.o ABSOLUTE
    _printf_charcount                        0x00000000   Number         0  stubs.o ABSOLUTE
    _printf_d                                0x00000000   Number         0  stubs.o ABSOLUTE
    _printf_e                                0x00000000   Number         0  stubs.o ABSOLUTE
    _printf_f                                0x00000000   Number         0  stubs.o ABSOLUTE
    _printf_flags                            0x00000000   Number         0  stubs.o ABSOLUTE
    _printf_fp_dec                           0x00000000   Number         0  stubs.o ABSOLUTE
    _printf_fp_hex                           0x00000000   Number         0  stubs.o ABSOLUTE
    _printf_g                                0x00000000   Number         0  stubs.o ABSOLUTE
    _printf_i                                0x00000000   Number         0  stubs.o ABSOLUTE
    _printf_int_dec                          0x00000000   Number         0  stubs.o ABSOLUTE
    _printf_l                                0x00000000   Number         0  stubs.o ABSOLUTE
    _printf_lc                               0x00000000   Number         0  stubs.o ABSOLUTE
    _printf_ll                               0x00000000   Number         0  stubs.o ABSOLUTE
    _printf_lld                              0x00000000   Number         0  stubs.o ABSOLUTE
    _printf_lli                              0x00000000   Number         0  stubs.o ABSOLUTE
    _printf_llo                              0x00000000   Number         0  stubs.o ABSOLUTE
    _printf_llu                              0x00000000   Number         0  stubs.o ABSOLUTE
    _printf_llx                              0x00000000   Number         0  stubs.o ABSOLUTE
    _printf_longlong_dec                     0x00000000   Number         0  stubs.o ABSOLUTE
    _printf_longlong_hex                     0x00000000   Number         0  stubs.o ABSOLUTE
    _printf_longlong_oct                     0x00000000   Number         0  stubs.o ABSOLUTE
    _printf_ls                               0x00000000   Number         0  stubs.o ABSOLUTE
    _printf_mbtowc                           0x00000000   Number         0  stubs.o ABSOLUTE
    _printf_n                                0x00000000   Number         0  stubs.o ABSOLUTE
    _printf_o                                0x00000000   Number         0  stubs.o ABSOLUTE
    _printf_p                                0x00000000   Number         0  stubs.o ABSOLUTE
    _printf_percent                          0x00000000   Number         0  stubs.o ABSOLUTE
    _printf_pre_padding                      0x00000000   Number         0  stubs.o ABSOLUTE
    _printf_return_value                     0x00000000   Number         0  stubs.o ABSOLUTE
    _printf_s                                0x00000000   Number         0  stubs.o ABSOLUTE
    _printf_sizespec                         0x00000000   Number         0  stubs.o ABSOLUTE
    _printf_str                              0x00000000   Number         0  stubs.o ABSOLUTE
    _printf_truncate_signed                  0x00000000   Number         0  stubs.o ABSOLUTE
    _printf_truncate_unsigned                0x00000000   Number         0  stubs.o ABSOLUTE
    _printf_u                                0x00000000   Number         0  stubs.o ABSOLUTE
    _printf_wc                               0x00000000   Number         0  stubs.o ABSOLUTE
    _printf_wctomb                           0x00000000   Number         0  stubs.o ABSOLUTE
    _printf_widthprec                        0x00000000   Number         0  stubs.o ABSOLUTE
    _printf_x                                0x00000000   Number         0  stubs.o ABSOLUTE
    __cpp_initialize__aeabi_                  - Undefined Weak Reference
    __cxa_finalize                            - Undefined Weak Reference
    _clock_init                               - Undefined Weak Reference
    _microlib_exit                            - Undefined Weak Reference
    __Vectors_Size                           0x00000194   Number         0  startup_stm32f401xe.o ABSOLUTE
    __Vectors                                0x08000000   Data           4  startup_stm32f401xe.o(RESET)
    __Vectors_End                            0x08000194   Data           0  startup_stm32f401xe.o(RESET)
    __main                                   0x08000195   Thumb Code     0  entry.o(.ARM.Collect$$$$00000000)
    _main_stk                                0x08000195   Thumb Code     0  entry2.o(.ARM.Collect$$$$00000001)
    _main_scatterload                        0x08000199   Thumb Code     0  entry5.o(.ARM.Collect$$$$00000004)
    __main_after_scatterload                 0x0800019d   Thumb Code     0  entry5.o(.ARM.Collect$$$$00000004)
    _main_clock                              0x0800019d   Thumb Code     0  entry7b.o(.ARM.Collect$$$$00000008)
    _main_cpp_init                           0x0800019d   Thumb Code     0  entry8b.o(.ARM.Collect$$$$0000000A)
    _main_init                               0x0800019d   Thumb Code     0  entry9a.o(.ARM.Collect$$$$0000000B)
    __rt_final_cpp                           0x080001a5   Thumb Code     0  entry10a.o(.ARM.Collect$$$$0000000D)
    __rt_final_exit                          0x080001a5   Thumb Code     0  entry11a.o(.ARM.Collect$$$$0000000F)
    Reset_Handler                            0x080001a9   Thumb Code     8  startup_stm32f401xe.o(.text)
    ADC_IRQHandler                           0x080001c3   Thumb Code     0  startup_stm32f401xe.o(.text)
    DMA1_Stream0_IRQHandler                  0x080001c3   Thumb Code     0  startup_stm32f401xe.o(.text)
    DMA1_Stream1_IRQHandler                  0x080001c3   Thumb Code     0  startup_stm32f401xe.o(.text)
    DMA1_Stream2_IRQHandler                  0x080001c3   Thumb Code     0  startup_stm32f401xe.o(.text)
    DMA1_Stream3_IRQHandler                  0x080001c3   Thumb Code     0  startup_stm32f401xe.o(.text)
    DMA1_Stream4_IRQHandler                  0x080001c3   Thumb Code     0  startup_stm32f401xe.o(.text)
    DMA1_Stream5_IRQHandler                  0x080001c3   Thumb Code     0  startup_stm32f401xe.o(.text)
    DMA1_Stream6_IRQHandler                  0x080001c3   Thumb Code     0  startup_stm32f401xe.o(.text)
    DMA1_Stream7_IRQHandler                  0x080001c3   Thumb Code     0  startup_stm32f401xe.o(.text)
    DMA2_Stream0_IRQHandler                  0x080001c3   Thumb Code     0  startup_stm32f401xe.o(.text)
    DMA2_Stream1_IRQHandler                  0x080001c3   Thumb Code     0  startup_stm32f401xe.o(.text)
    DMA2_Stream3_IRQHandler                  0x080001c3   Thumb Code     0  startup_stm32f401xe.o(.text)
    DMA2_Stream4_IRQHandler                  0x080001c3   Thumb Code     0  startup_stm32f401xe.o(.text)
    DMA2_Stream5_IRQHandler                  0x080001c3   Thumb Code     0  startup_stm32f401xe.o(.text)
    DMA2_Stream6_IRQHandler                  0x080001c3   Thumb Code     0  startup_stm32f401xe.o(.text)
    EXTI0_IRQHandler                         0x080001c3   Thumb Code     0  startup_stm32f401xe.o(.text)
    EXTI15_10_IRQHandler                     0x080001c3   Thumb Code     0  startup_stm32f401xe.o(.text)
    EXTI1_IRQHandler                         0x080001c3   Thumb Code     0  startup_stm32f401xe.o(.text)
    EXTI2_IRQHandler                         0x080001c3   Thumb Code     0  startup_stm32f401xe.o(.text)
    EXTI3_IRQHandler                         0x080001c3   Thumb Code     0  startup_stm32f401xe.o(.text)
    EXTI4_IRQHandler                         0x080001c3   Thumb Code     0  startup_stm32f401xe.o(.text)
    EXTI9_5_IRQHandler                       0x080001c3   Thumb Code     0  startup_stm32f401xe.o(.text)
    FLASH_IRQHandler                         0x080001c3   Thumb Code     0  startup_stm32f401xe.o(.text)
    FPU_IRQHandler                           0x080001c3   Thumb Code     0  startup_stm32f401xe.o(.text)
    I2C1_ER_IRQHandler                       0x080001c3   Thumb Code     0  startup_stm32f401xe.o(.text)
    I2C1_EV_IRQHandler                       0x080001c3   Thumb Code     0  startup_stm32f401xe.o(.text)
    I2C2_ER_IRQHandler                       0x080001c3   Thumb Code     0  startup_stm32f401xe.o(.text)
    I2C2_EV_IRQHandler                       0x080001c3   Thumb Code     0  startup_stm32f401xe.o(.text)
    I2C3_ER_IRQHandler                       0x080001c3   Thumb Code     0  startup_stm32f401xe.o(.text)
    I2C3_EV_IRQHandler                       0x080001c3   Thumb Code     0  startup_stm32f401xe.o(.text)
    OTG_FS_WKUP_IRQHandler                   0x080001c3   Thumb Code     0  startup_stm32f401xe.o(.text)
    PVD_IRQHandler                           0x080001c3   Thumb Code     0  startup_stm32f401xe.o(.text)
    RCC_IRQHandler                           0x080001c3   Thumb Code     0  startup_stm32f401xe.o(.text)
    RTC_Alarm_IRQHandler                     0x080001c3   Thumb Code     0  startup_stm32f401xe.o(.text)
    RTC_WKUP_IRQHandler                      0x080001c3   Thumb Code     0  startup_stm32f401xe.o(.text)
    SDIO_IRQHandler                          0x080001c3   Thumb Code     0  startup_stm32f401xe.o(.text)
    SPI1_IRQHandler                          0x080001c3   Thumb Code     0  startup_stm32f401xe.o(.text)
    SPI2_IRQHandler                          0x080001c3   Thumb Code     0  startup_stm32f401xe.o(.text)
    SPI3_IRQHandler                          0x080001c3   Thumb Code     0  startup_stm32f401xe.o(.text)
    SPI4_IRQHandler                          0x080001c3   Thumb Code     0  startup_stm32f401xe.o(.text)
    TAMP_STAMP_IRQHandler                    0x080001c3   Thumb Code     0  startup_stm32f401xe.o(.text)
    TIM1_BRK_TIM9_IRQHandler                 0x080001c3   Thumb Code     0  startup_stm32f401xe.o(.text)
    TIM1_CC_IRQHandler                       0x080001c3   Thumb Code     0  startup_stm32f401xe.o(.text)
    TIM1_TRG_COM_TIM11_IRQHandler            0x080001c3   Thumb Code     0  startup_stm32f401xe.o(.text)
    TIM1_UP_TIM10_IRQHandler                 0x080001c3   Thumb Code     0  startup_stm32f401xe.o(.text)
    TIM2_IRQHandler                          0x080001c3   Thumb Code     0  startup_stm32f401xe.o(.text)
    TIM3_IRQHandler                          0x080001c3   Thumb Code     0  startup_stm32f401xe.o(.text)
    TIM4_IRQHandler                          0x080001c3   Thumb Code     0  startup_stm32f401xe.o(.text)
    TIM5_IRQHandler                          0x080001c3   Thumb Code     0  startup_stm32f401xe.o(.text)
    USART6_IRQHandler                        0x080001c3   Thumb Code     0  startup_stm32f401xe.o(.text)
    WWDG_IRQHandler                          0x080001c3   Thumb Code     0  startup_stm32f401xe.o(.text)
    rt_hw_interrupt_disable                  0x080001cd   Thumb Code     8  context_rvds.o(.text)
    rt_hw_interrupt_enable                   0x080001d5   Thumb Code     6  context_rvds.o(.text)
    rt_hw_context_switch                     0x080001db   Thumb Code    32  context_rvds.o(.text)
    rt_hw_context_switch_interrupt           0x080001db   Thumb Code     0  context_rvds.o(.text)
    PendSV_Handler                           0x080001fb   Thumb Code   108  context_rvds.o(.text)
    rt_hw_context_switch_to                  0x08000267   Thumb Code    68  context_rvds.o(.text)
    rt_hw_interrupt_thread_switch            0x080002ab   Thumb Code     2  context_rvds.o(.text)
    HardFault_Handler                        0x080002ad   Thumb Code    20  context_rvds.o(.text)
    __aeabi_memset                           0x080002d9   Thumb Code    14  memseta.o(.text)
    __aeabi_memset4                          0x080002d9   Thumb Code     0  memseta.o(.text)
    __aeabi_memset8                          0x080002d9   Thumb Code     0  memseta.o(.text)
    __aeabi_memclr                           0x080002e7   Thumb Code     4  memseta.o(.text)
    __aeabi_memclr4                          0x080002e7   Thumb Code     0  memseta.o(.text)
    __aeabi_memclr8                          0x080002e7   Thumb Code     0  memseta.o(.text)
    _memset$wrapper                          0x080002eb   Thumb Code    18  memseta.o(.text)
    strstr                                   0x080002fd   Thumb Code    36  strstr.o(.text)
    __aeabi_uldivmod                         0x08000321   Thumb Code    98  uldiv.o(.text)
    __aeabi_llsr                             0x08000383   Thumb Code    32  llushr.o(.text)
    _ll_ushift_r                             0x08000383   Thumb Code     0  llushr.o(.text)
    __scatterload                            0x080003a5   Thumb Code    28  init.o(.text)
    __scatterload_rt2                        0x080003a5   Thumb Code     0  init.o(.text)
    __aeabi_llsl                             0x080003c9   Thumb Code    30  llshl.o(.text)
    _ll_shift_l                              0x080003c9   Thumb Code     0  llshl.o(.text)
    __decompress                             0x080003e7   Thumb Code     0  __dczerorl2.o(.text)
    __decompress1                            0x080003e7   Thumb Code    86  __dczerorl2.o(.text)
    main                                     0x0800043d   Thumb Code    14  components.o(i.$Sub$$main)
    BusFault_Handler                         0x0800044b   Thumb Code     4  stm32f4xx_it.o(i.BusFault_Handler)
    DMA2_Stream2_IRQHandler                  0x08000451   Thumb Code    12  device_usart.o(i.DMA2_Stream2_IRQHandler)
    DMA2_Stream7_IRQHandler                  0x08000461   Thumb Code    12  device_usart.o(i.DMA2_Stream7_IRQHandler)
    DebugMon_Handler                         0x080004d1   Thumb Code     2  stm32f4xx_it.o(i.DebugMon_Handler)
    EnsureMessage                            0x080004d5   Thumb Code   140  device_atk_as608.o(i.EnsureMessage)
    Error_Handler                            0x08000745   Thumb Code     4  system.o(i.Error_Handler)
    FlashRead                                0x0800077d   Thumb Code    10  device_flash.o(i.FlashRead)
    Gpio_init                                0x0800078d   Thumb Code    94  device_gpio.o(i.Gpio_init)
    HAL_DMA_Abort                            0x080007f5   Thumb Code    94  stm32f4xx_hal_dma.o(i.HAL_DMA_Abort)
    HAL_DMA_IRQHandler                       0x08000855   Thumb Code   530  stm32f4xx_hal_dma.o(i.HAL_DMA_IRQHandler)
    HAL_DMA_Init                             0x08000a6d   Thumb Code   128  stm32f4xx_hal_dma.o(i.HAL_DMA_Init)
    HAL_DMA_Start_IT                         0x08000af1   Thumb Code   106  stm32f4xx_hal_dma.o(i.HAL_DMA_Start_IT)
    HAL_GPIO_Init                            0x08000b5d   Thumb Code   436  stm32f4xx_hal_gpio.o(i.HAL_GPIO_Init)
    HAL_GPIO_ReadPin                         0x08000d31   Thumb Code    16  stm32f4xx_hal_gpio.o(i.HAL_GPIO_ReadPin)
    HAL_GPIO_WritePin                        0x08000d41   Thumb Code    12  stm32f4xx_hal_gpio.o(i.HAL_GPIO_WritePin)
    HAL_GetTick                              0x08000d4d   Thumb Code     6  stm32f4xx_hal.o(i.HAL_GetTick)
    HAL_IncTick                              0x08000d59   Thumb Code    12  stm32f4xx_hal.o(i.HAL_IncTick)
    HAL_Init                                 0x08000d69   Thumb Code    54  stm32f4xx_hal.o(i.HAL_Init)
    HAL_InitTick                             0x08000da5   Thumb Code    36  stm32f4xx_hal.o(i.HAL_InitTick)
    HAL_MspInit                              0x08000dc9   Thumb Code    10  stm32f4xx_hal.o(i.HAL_MspInit)
    HAL_NVIC_EnableIRQ                       0x08000dd3   Thumb Code    26  stm32f4xx_hal_cortex.o(i.HAL_NVIC_EnableIRQ)
    HAL_NVIC_SetPriority                     0x08000ded   Thumb Code   124  stm32f4xx_hal_cortex.o(i.HAL_NVIC_SetPriority)
    HAL_NVIC_SetPriorityGrouping             0x08000e69   Thumb Code    32  stm32f4xx_hal_cortex.o(i.HAL_NVIC_SetPriorityGrouping)
    HAL_PCD_ConnectCallback                  0x08000e91   Thumb Code    14  usbd_conf.o(i.HAL_PCD_ConnectCallback)
    HAL_PCD_DataInStageCallback              0x08000e9f   Thumb Code    32  usbd_conf.o(i.HAL_PCD_DataInStageCallback)
    HAL_PCD_DataOutStageCallback             0x08000ebf   Thumb Code    32  usbd_conf.o(i.HAL_PCD_DataOutStageCallback)
    HAL_PCD_DisconnectCallback               0x08000edf   Thumb Code    14  usbd_conf.o(i.HAL_PCD_DisconnectCallback)
    HAL_PCD_EP_ClrStall                      0x08000eed   Thumb Code   104  stm32f4xx_hal_pcd.o(i.HAL_PCD_EP_ClrStall)
    HAL_PCD_EP_Open                          0x08000f55   Thumb Code   140  stm32f4xx_hal_pcd.o(i.HAL_PCD_EP_Open)
    HAL_PCD_EP_Receive                       0x08000fe1   Thumb Code   120  stm32f4xx_hal_pcd.o(i.HAL_PCD_EP_Receive)
    HAL_PCD_EP_SetStall                      0x08001059   Thumb Code   122  stm32f4xx_hal_pcd.o(i.HAL_PCD_EP_SetStall)
    HAL_PCD_EP_Transmit                      0x080010d3   Thumb Code   122  stm32f4xx_hal_pcd.o(i.HAL_PCD_EP_Transmit)
    HAL_PCD_IRQHandler                       0x0800114d   Thumb Code  1374  stm32f4xx_hal_pcd.o(i.HAL_PCD_IRQHandler)
    HAL_PCD_ISOINIncompleteCallback          0x080016ab   Thumb Code    18  usbd_conf.o(i.HAL_PCD_ISOINIncompleteCallback)
    HAL_PCD_ISOOUTIncompleteCallback         0x080016bd   Thumb Code    18  usbd_conf.o(i.HAL_PCD_ISOOUTIncompleteCallback)
    HAL_PCD_ResetCallback                    0x080016cf   Thumb Code    66  usbd_conf.o(i.HAL_PCD_ResetCallback)
    HAL_PCD_ResumeCallback                   0x08001711   Thumb Code    14  usbd_conf.o(i.HAL_PCD_ResumeCallback)
    HAL_PCD_SOFCallback                      0x0800171f   Thumb Code    14  usbd_conf.o(i.HAL_PCD_SOFCallback)
    HAL_PCD_SetAddress                       0x0800172d   Thumb Code    50  stm32f4xx_hal_pcd.o(i.HAL_PCD_SetAddress)
    HAL_PCD_SetupStageCallback               0x0800175f   Thumb Code    18  usbd_conf.o(i.HAL_PCD_SetupStageCallback)
    HAL_PCD_SuspendCallback                  0x08001771   Thumb Code    46  usbd_conf.o(i.HAL_PCD_SuspendCallback)
    HAL_RCC_ClockConfig                      0x080017a5   Thumb Code   680  stm32f4xx_hal_rcc.o(i.HAL_RCC_ClockConfig)
    HAL_RCC_GetHCLKFreq                      0x08001a55   Thumb Code    42  stm32f4xx_hal_rcc.o(i.HAL_RCC_GetHCLKFreq)
    HAL_RCC_GetPCLK1Freq                     0x08001a8d   Thumb Code    36  stm32f4xx_hal_rcc.o(i.HAL_RCC_GetPCLK1Freq)
    HAL_RCC_GetPCLK2Freq                     0x08001ab9   Thumb Code    36  stm32f4xx_hal_rcc.o(i.HAL_RCC_GetPCLK2Freq)
    HAL_RCC_GetSysClockFreq                  0x08001ae5   Thumb Code   168  stm32f4xx_hal_rcc.o(i.HAL_RCC_GetSysClockFreq)
    HAL_RCC_OscConfig                        0x08001b99   Thumb Code  1032  stm32f4xx_hal_rcc.o(i.HAL_RCC_OscConfig)
    HAL_SYSTICK_CLKSourceConfig              0x08001fa1   Thumb Code    40  stm32f4xx_hal_cortex.o(i.HAL_SYSTICK_CLKSourceConfig)
    HAL_SYSTICK_Config                       0x08001fc9   Thumb Code    52  stm32f4xx_hal_cortex.o(i.HAL_SYSTICK_Config)
    HAL_UART_DMAStop                         0x08001ffd   Thumb Code    62  stm32f4xx_hal_uart.o(i.HAL_UART_DMAStop)
    HAL_UART_ErrorCallback                   0x0800203b   Thumb Code     2  stm32f4xx_hal_uart.o(i.HAL_UART_ErrorCallback)
    HAL_UART_IRQHandler                      0x0800203d   Thumb Code    36  stm32f4xx_hal_uart.o(i.HAL_UART_IRQHandler)
    HAL_UART_Init                            0x08002061   Thumb Code   114  stm32f4xx_hal_uart.o(i.HAL_UART_Init)
    HAL_UART_MspInit                         0x080020d3   Thumb Code     2  stm32f4xx_hal_uart.o(i.HAL_UART_MspInit)
    HAL_UART_Receive_DMA                     0x080020d5   Thumb Code   124  stm32f4xx_hal_uart.o(i.HAL_UART_Receive_DMA)
    HAL_UART_Receive_IT                      0x0800215d   Thumb Code    88  stm32f4xx_hal_uart.o(i.HAL_UART_Receive_IT)
    HAL_UART_RxCpltCallback                  0x080021b5   Thumb Code   104  device_usart.o(i.HAL_UART_RxCpltCallback)
    HAL_UART_RxHalfCpltCallback              0x08002231   Thumb Code     2  stm32f4xx_hal_uart.o(i.HAL_UART_RxHalfCpltCallback)
    HAL_UART_Transmit                        0x08002233   Thumb Code   196  stm32f4xx_hal_uart.o(i.HAL_UART_Transmit)
    HAL_UART_Transmit_DMA                    0x080022f9   Thumb Code   134  stm32f4xx_hal_uart.o(i.HAL_UART_Transmit_DMA)
    HAL_UART_TxCpltCallback                  0x0800238d   Thumb Code    30  device_usart.o(i.HAL_UART_TxCpltCallback)
    HAL_UART_TxHalfCpltCallback              0x080023b1   Thumb Code     2  stm32f4xx_hal_uart.o(i.HAL_UART_TxHalfCpltCallback)
    HSI_Clock_Init                           0x080023b5   Thumb Code   486  system.o(i.HSI_Clock_Init)
    JudgeStr                                 0x08002625   Thumb Code   108  device_usart.o(i.JudgeStr)
    MemManage_Handler                        0x0800269d   Thumb Code     4  stm32f4xx_it.o(i.MemManage_Handler)
    NMI_Handler                              0x080026a1   Thumb Code     2  stm32f4xx_it.o(i.NMI_Handler)
    OTG_FS_IRQHandler                        0x080026dd   Thumb Code    10  stm32f4xx_it.o(i.OTG_FS_IRQHandler)
    PS_GenChar                               0x0800279d   Thumb Code    72  device_atk_as608.o(i.PS_GenChar)
    PS_GetImage                              0x080027e9   Thumb Code    58  device_atk_as608.o(i.PS_GetImage)
    PS_HandShake                             0x08002825   Thumb Code    94  device_atk_as608.o(i.PS_HandShake)
    PS_HighSpeedSearch                       0x08002891   Thumb Code   154  device_atk_as608.o(i.PS_HighSpeedSearch)
    PS_ReadSysPara                           0x08002931   Thumb Code   168  device_atk_as608.o(i.PS_ReadSysPara)
    PS_ValidTempleteNum                      0x08002a21   Thumb Code   108  device_atk_as608.o(i.PS_ValidTempleteNum)
    SVC_Handler                              0x08002aa9   Thumb Code     2  stm32f4xx_it.o(i.SVC_Handler)
    SysTick_Handler                          0x08002b4d   Thumb Code    20  board.o(i.SysTick_Handler)
    SystemInit                               0x08002b61   Thumb Code    82  system_stm32f4xx.o(i.SystemInit)
    USART1_IRQHandler                        0x0800313d   Thumb Code    20  device_usart.o(i.USART1_IRQHandler)
    USART2_IRQHandler                        0x08003155   Thumb Code    20  device_usart.o(i.USART2_IRQHandler)
    USBD_ClrClassConfig                      0x08003171   Thumb Code    22  usbd_core.o(i.USBD_ClrClassConfig)
    USBD_CtlContinueRx                       0x080031cb   Thumb Code    24  usbd_ioreq.o(i.USBD_CtlContinueRx)
    USBD_CtlContinueSendData                 0x080031e3   Thumb Code    24  usbd_ioreq.o(i.USBD_CtlContinueSendData)
    USBD_CtlError                            0x080031fb   Thumb Code    24  usbd_ctlreq.o(i.USBD_CtlError)
    USBD_CtlReceiveStatus                    0x08003213   Thumb Code    26  usbd_ioreq.o(i.USBD_CtlReceiveStatus)
    USBD_CtlSendData                         0x0800322d   Thumb Code    34  usbd_ioreq.o(i.USBD_CtlSendData)
    USBD_CtlSendStatus                       0x0800324f   Thumb Code    26  usbd_ioreq.o(i.USBD_CtlSendStatus)
    USBD_LL_ClearStallEP                     0x08003445   Thumb Code    20  usbd_conf.o(i.USBD_LL_ClearStallEP)
    USBD_LL_DataInStage                      0x08003459   Thumb Code   218  usbd_core.o(i.USBD_LL_DataInStage)
    USBD_LL_DataOutStage                     0x08003533   Thumb Code   134  usbd_core.o(i.USBD_LL_DataOutStage)
    USBD_LL_DevConnected                     0x080035b9   Thumb Code     6  usbd_core.o(i.USBD_LL_DevConnected)
    USBD_LL_DevDisconnected                  0x080035bf   Thumb Code    26  usbd_core.o(i.USBD_LL_DevDisconnected)
    USBD_LL_IsStallEP                        0x080035d9   Thumb Code    56  usbd_conf.o(i.USBD_LL_IsStallEP)
    USBD_LL_IsoINIncomplete                  0x08003611   Thumb Code     6  usbd_core.o(i.USBD_LL_IsoINIncomplete)
    USBD_LL_IsoOUTIncomplete                 0x08003617   Thumb Code     6  usbd_core.o(i.USBD_LL_IsoOUTIncomplete)
    USBD_LL_OpenEP                           0x0800361d   Thumb Code    32  usbd_conf.o(i.USBD_LL_OpenEP)
    USBD_LL_PrepareReceive                   0x0800363d   Thumb Code    32  usbd_conf.o(i.USBD_LL_PrepareReceive)
    USBD_LL_Reset                            0x0800365d   Thumb Code    68  usbd_core.o(i.USBD_LL_Reset)
    USBD_LL_Resume                           0x080036a1   Thumb Code    14  usbd_core.o(i.USBD_LL_Resume)
    USBD_LL_SOF                              0x080036af   Thumb Code    34  usbd_core.o(i.USBD_LL_SOF)
    USBD_LL_SetSpeed                         0x080036d1   Thumb Code     8  usbd_core.o(i.USBD_LL_SetSpeed)
    USBD_LL_SetUSBAddress                    0x080036d9   Thumb Code    20  usbd_conf.o(i.USBD_LL_SetUSBAddress)
    USBD_LL_SetupStage                       0x080036ed   Thumb Code   110  usbd_core.o(i.USBD_LL_SetupStage)
    USBD_LL_StallEP                          0x0800375b   Thumb Code    20  usbd_conf.o(i.USBD_LL_StallEP)
    USBD_LL_Suspend                          0x0800376f   Thumb Code    20  usbd_core.o(i.USBD_LL_Suspend)
    USBD_LL_Transmit                         0x08003783   Thumb Code    46  usbd_conf.o(i.USBD_LL_Transmit)
    USBD_ParseSetupRequest                   0x080037b1   Thumb Code    40  usbd_ctlreq.o(i.USBD_ParseSetupRequest)
    USBD_RunTestMode                         0x080037d9   Thumb Code     6  usbd_core.o(i.USBD_RunTestMode)
    USBD_SetClassConfig                      0x08003833   Thumb Code    34  usbd_core.o(i.USBD_SetClassConfig)
    USBD_StdDevReq                           0x08003959   Thumb Code   114  usbd_ctlreq.o(i.USBD_StdDevReq)
    USBD_StdEPReq                            0x080039cb   Thumb Code   342  usbd_ctlreq.o(i.USBD_StdEPReq)
    USBD_StdItfReq                           0x08003b21   Thumb Code    74  usbd_ctlreq.o(i.USBD_StdItfReq)
    USB_ActivateEndpoint                     0x08003b6d   Thumb Code   192  stm32f4xx_ll_usb.o(i.USB_ActivateEndpoint)
    USB_ActivateSetup                        0x08003c31   Thumb Code    68  stm32f4xx_ll_usb.o(i.USB_ActivateSetup)
    USB_EP0StartXfer                         0x08003c75   Thumb Code   426  stm32f4xx_ll_usb.o(i.USB_EP0StartXfer)
    USB_EP0_OutStart                         0x08003e25   Thumb Code    68  stm32f4xx_ll_usb.o(i.USB_EP0_OutStart)
    USB_EPClearStall                         0x08003e69   Thumb Code   136  stm32f4xx_ll_usb.o(i.USB_EPClearStall)
    USB_EPSetStall                           0x08003ef1   Thumb Code   140  stm32f4xx_ll_usb.o(i.USB_EPSetStall)
    USB_EPStartXfer                          0x08003f7d   Thumb Code   714  stm32f4xx_ll_usb.o(i.USB_EPStartXfer)
    USB_FlushTxFifo                          0x0800424d   Thumb Code    44  stm32f4xx_ll_usb.o(i.USB_FlushTxFifo)
    USB_GetDevSpeed                          0x0800427d   Thumb Code    68  stm32f4xx_ll_usb.o(i.USB_GetDevSpeed)
    USB_GetMode                              0x080042c1   Thumb Code    10  stm32f4xx_ll_usb.o(i.USB_GetMode)
    USB_ReadDevAllInEpInterrupt              0x080042cb   Thumb Code    18  stm32f4xx_ll_usb.o(i.USB_ReadDevAllInEpInterrupt)
    USB_ReadDevAllOutEpInterrupt             0x080042dd   Thumb Code    18  stm32f4xx_ll_usb.o(i.USB_ReadDevAllOutEpInterrupt)
    USB_ReadDevInEPInterrupt                 0x080042ef   Thumb Code    44  stm32f4xx_ll_usb.o(i.USB_ReadDevInEPInterrupt)
    USB_ReadDevOutEPInterrupt                0x0800431b   Thumb Code    22  stm32f4xx_ll_usb.o(i.USB_ReadDevOutEPInterrupt)
    USB_ReadInterrupts                       0x08004331   Thumb Code    12  stm32f4xx_ll_usb.o(i.USB_ReadInterrupts)
    USB_ReadPacket                           0x0800433d   Thumb Code    40  stm32f4xx_ll_usb.o(i.USB_ReadPacket)
    USB_SetDevAddress                        0x08004365   Thumb Code    36  stm32f4xx_ll_usb.o(i.USB_SetDevAddress)
    USB_WritePacket                          0x08004389   Thumb Code    58  stm32f4xx_ll_usb.o(i.USB_WritePacket)
    UsageFault_Handler                       0x080043c3   Thumb Code     4  stm32f4xx_it.o(i.UsageFault_Handler)
    UsartReceive_IDLE                        0x080043c9   Thumb Code    82  device_usart.o(i.UsartReceive_IDLE)
    __0printf$5                              0x08004421   Thumb Code    22  printf5.o(i.__0printf$5)
    __1printf$5                              0x08004421   Thumb Code     0  printf5.o(i.__0printf$5)
    __2printf                                0x08004421   Thumb Code     0  printf5.o(i.__0printf$5)
    __rt_ffs                                 0x08004441   Thumb Code    70  kservice.o(i.__rt_ffs)
    __scatterload_copy                       0x0800448d   Thumb Code    14  handlers.o(i.__scatterload_copy)
    __scatterload_null                       0x0800449b   Thumb Code     2  handlers.o(i.__scatterload_null)
    __scatterload_zeroinit                   0x0800449d   Thumb Code    14  handlers.o(i.__scatterload_zeroinit)
    delay_init                               0x08004875   Thumb Code    58  system.o(i.delay_init)
    delay_ms                                 0x080048b9   Thumb Code    66  system.o(i.delay_ms)
    delay_osschedlock                        0x08004909   Thumb Code     8  system.o(i.delay_osschedlock)
    delay_osschedunlock                      0x08004911   Thumb Code     8  system.o(i.delay_osschedunlock)
    delay_ostimedly                          0x08004919   Thumb Code    12  system.o(i.delay_ostimedly)
    delay_us                                 0x08004925   Thumb Code    84  system.o(i.delay_us)
    fputc                                    0x0800497d   Thumb Code    18  device_usart.o(i.fputc)
    $Super$$main                             0x08004995   Thumb Code    56  main.o(i.main)
    main_thread_entry                        0x08004a29   Thumb Code    14  components.o(i.main_thread_entry)
    press_FR                                 0x08004ab1   Thumb Code   106  device_atk_as608.o(i.press_FR)
    rt_application_init                      0x08004ce1   Thumb Code    32  components.o(i.rt_application_init)
    rt_components_board_init                 0x08004d0d   Thumb Code    20  components.o(i.rt_components_board_init)
    rt_components_init                       0x08004d29   Thumb Code    20  components.o(i.rt_components_init)
    rt_enter_critical                        0x08004d45   Thumb Code    28  scheduler.o(i.rt_enter_critical)
    rt_exit_critical                         0x08004d65   Thumb Code    54  scheduler.o(i.rt_exit_critical)
    rt_free                                  0x08004da1   Thumb Code    98  mem.o(i.rt_free)
    rt_hw_board_init                         0x08004e19   Thumb Code   154  board.o(i.rt_hw_board_init)
    rt_hw_console_output                     0x08004ee1   Thumb Code    32  main.o(i.rt_hw_console_output)
    rt_hw_hard_fault_exception               0x08004f05   Thumb Code   108  cpuport.o(i.rt_hw_hard_fault_exception)
    rt_hw_stack_init                         0x08005011   Thumb Code    74  cpuport.o(i.rt_hw_stack_init)
    rt_interrupt_enter                       0x08005061   Thumb Code    26  irq.o(i.rt_interrupt_enter)
    rt_interrupt_leave                       0x08005081   Thumb Code    26  irq.o(i.rt_interrupt_leave)
    rt_kprintf                               0x08005131   Thumb Code    44  kservice.o(i.rt_kprintf)
    rt_malloc                                0x080051e9   Thumb Code   336  mem.o(i.rt_malloc)
    rt_memset                                0x08005355   Thumb Code    72  kservice.o(i.rt_memset)
    rt_mutex_create                          0x0800539d   Thumb Code    50  ipc.o(i.rt_mutex_create)
    rt_object_allocate                       0x080053d1   Thumb Code    72  object.o(i.rt_object_allocate)
    rt_object_delete                         0x0800541d   Thumb Code    32  object.o(i.rt_object_delete)
    rt_object_detach                         0x0800543d   Thumb Code    26  object.o(i.rt_object_detach)
    rt_object_init                           0x08005459   Thumb Code    58  object.o(i.rt_object_init)
    rt_object_is_systemobject                0x08005499   Thumb Code    18  object.o(i.rt_object_is_systemobject)
    rt_schedule                              0x080054ad   Thumb Code    98  scheduler.o(i.rt_schedule)
    rt_schedule_insert_thread                0x08005529   Thumb Code    64  scheduler.o(i.rt_schedule_insert_thread)
    rt_schedule_remove_thread                0x08005571   Thumb Code    76  scheduler.o(i.rt_schedule_remove_thread)
    rt_sem_init                              0x080055c5   Thumb Code    38  ipc.o(i.rt_sem_init)
    rt_sem_release                           0x080055eb   Thumb Code    58  ipc.o(i.rt_sem_release)
    rt_sem_take                              0x08005625   Thumb Code   116  ipc.o(i.rt_sem_take)
    rt_show_version                          0x08005699   Thumb Code    44  kservice.o(i.rt_show_version)
    rt_strlen                                0x08005771   Thumb Code    18  kservice.o(i.rt_strlen)
    rt_strncpy                               0x08005783   Thumb Code    52  kservice.o(i.rt_strncpy)
    rt_system_heap_init                      0x080057b9   Thumb Code   160  mem.o(i.rt_system_heap_init)
    rt_system_scheduler_init                 0x080058b1   Thumb Code    52  scheduler.o(i.rt_system_scheduler_init)
    rt_system_scheduler_start                0x080058fd   Thumb Code    36  scheduler.o(i.rt_system_scheduler_start)
    rt_system_timer_init                     0x0800592d   Thumb Code    24  timer.o(i.rt_system_timer_init)
    rt_system_timer_thread_init              0x08005949   Thumb Code     2  timer.o(i.rt_system_timer_thread_init)
    rt_thread_create                         0x0800594b   Thumb Code    80  thread.o(i.rt_thread_create)
    rt_thread_delay                          0x0800599b   Thumb Code    12  thread.o(i.rt_thread_delay)
    rt_thread_exit                           0x080059a9   Thumb Code    76  thread.o(i.rt_thread_exit)
    rt_thread_idle_excute                    0x08005a05   Thumb Code   114  idle.o(i.rt_thread_idle_excute)
    rt_thread_idle_init                      0x08005a7d   Thumb Code    38  idle.o(i.rt_thread_idle_init)
    rt_thread_init                           0x08005ab9   Thumb Code    52  thread.o(i.rt_thread_init)
    rt_thread_resume                         0x08005aed   Thumb Code    56  thread.o(i.rt_thread_resume)
    rt_thread_self                           0x08005b25   Thumb Code     6  thread.o(i.rt_thread_self)
    rt_thread_sleep                          0x08005b31   Thumb Code    62  thread.o(i.rt_thread_sleep)
    rt_thread_startup                        0x08005b75   Thumb Code    44  thread.o(i.rt_thread_startup)
    rt_thread_suspend                        0x08005ba1   Thumb Code    54  thread.o(i.rt_thread_suspend)
    rt_thread_timeout                        0x08005bd7   Thumb Code    32  thread.o(i.rt_thread_timeout)
    rt_thread_yield                          0x08005bf9   Thumb Code    88  thread.o(i.rt_thread_yield)
    rt_tick_get                              0x08005c59   Thumb Code     6  clock.o(i.rt_tick_get)
    rt_tick_increase                         0x08005c65   Thumb Code    42  clock.o(i.rt_tick_increase)
    rt_timer_check                           0x08005c95   Thumb Code   118  timer.o(i.rt_timer_check)
    rt_timer_control                         0x08005d11   Thumb Code    56  timer.o(i.rt_timer_control)
    rt_timer_detach                          0x08005d49   Thumb Code    32  timer.o(i.rt_timer_detach)
    rt_timer_init                            0x08005d69   Thumb Code    46  timer.o(i.rt_timer_init)
    rt_timer_start                           0x08005d99   Thumb Code   238  timer.o(i.rt_timer_start)
    rt_timer_stop                            0x08005e91   Thumb Code    48  timer.o(i.rt_timer_stop)
    rt_vsnprintf                             0x08005ec1   Thumb Code   800  kservice.o(i.rt_vsnprintf)
    rtthread_startup                         0x080061f5   Thumb Code    42  components.o(i.rtthread_startup)
    thread_Fingerprint_Detect_entry          0x08006245   Thumb Code   162  device_atk_as608.o(i.thread_Fingerprint_Detect_entry)
    uart1_SendByte                           0x0800631d   Thumb Code    18  device_usart.o(i.uart1_SendByte)
    uart1_SendData_DMA                       0x08006335   Thumb Code    46  device_usart.o(i.uart1_SendData_DMA)
    uart1_SendNByte                          0x0800636d   Thumb Code    22  device_usart.o(i.uart1_SendNByte)
    uart1_SendString                         0x08006389   Thumb Code    30  device_usart.o(i.uart1_SendString)
    uart1_init                               0x080063ad   Thumb Code   468  device_usart.o(i.uart1_init)
    uart2_SendByte                           0x080065b5   Thumb Code    18  device_usart.o(i.uart2_SendByte)
    uart2_SendString                         0x080065cd   Thumb Code    30  device_usart.o(i.uart2_SendString)
    uart2_init                               0x080065f1   Thumb Code   246  device_usart.o(i.uart2_init)
    APBAHBPrescTable                         0x08006708   Data          16  stm32f4xx_hal_rcc.o(.constdata)
    __lowest_bit_bitmap                      0x08006720   Data         256  kservice.o(.constdata)
    __rt_init_rti_board_start                0x08006844   Data           4  components.o(.rti_fn.0.end)
    __rt_init_rti_board_end                  0x08006848   Data           4  components.o(.rti_fn.1.end)
    __rt_init_rti_end                        0x0800684c   Data           4  components.o(.rti_fn.6.end)
    Region$$Table$$Base                      0x08006850   Number         0  anon$$obj.o(Region$$Table)
    Region$$Table$$Limit                     0x08006870   Number         0  anon$$obj.o(Region$$Table)
    SystemCoreClock                          0x2000000c   Data           4  system_stm32f4xx.o(.data)
    AppDataPointer                           0x20000014   Data           4  system.o(.data)
    OSRunning                                0x2000001c   Data           1  system.o(.data)
    CmdShow                                  0x20000040   Data          25  systemglobal.o(.data)
    ModbusCmd1                               0x20000059   Data           8  systemglobal.o(.data)
    ModbusCmd2                               0x20000061   Data           8  systemglobal.o(.data)
    ModbusCmd3                               0x20000069   Data           8  systemglobal.o(.data)
    ModbusCmd4                               0x20000071   Data           8  systemglobal.o(.data)
    ModbusCmd5                               0x20000079   Data           8  systemglobal.o(.data)
    ModbusCmd6                               0x20000081   Data           8  systemglobal.o(.data)
    ModbusCmd7                               0x20000089   Data           8  systemglobal.o(.data)
    PowerOnFlag                              0x20000091   Data           1  systemglobal.o(.data)
    Menuhierarchy                            0x20000092   Data           1  systemglobal.o(.data)
    MenuChooseIndex                          0x20000093   Data           1  systemglobal.o(.data)
    ParaChooseIndex                          0x20000094   Data           1  systemglobal.o(.data)
    SysChooseIndex                           0x20000095   Data           1  systemglobal.o(.data)
    ParaMenuFlag                             0x20000096   Data           1  systemglobal.o(.data)
    ParaAskFlag                              0x20000097   Data           1  systemglobal.o(.data)
    SystemSetFlag                            0x20000098   Data           1  systemglobal.o(.data)
    OKorCancel                               0x20000099   Data           1  systemglobal.o(.data)
    ParaSetConfirm                           0x2000009a   Data           1  systemglobal.o(.data)
    DevIDConfirm                             0x2000009b   Data           1  systemglobal.o(.data)
    SystemSetConfirm                         0x2000009c   Data           1  systemglobal.o(.data)
    LanguageConfirm                          0x2000009d   Data           1  systemglobal.o(.data)
    ChargingFlag                             0x2000009e   Data           1  systemglobal.o(.data)
    SignalPower                              0x2000009f   Data           1  systemglobal.o(.data)
    RecPower                                 0x200000a0   Data           1  systemglobal.o(.data)
    Uart2lenth                               0x200000a2   Data           2  systemglobal.o(.data)
    Ack_Flag                                 0x200000a4   Data           1  systemglobal.o(.data)
    Shortcut                                 0x200000a5   Data           1  systemglobal.o(.data)
    CodeSum                                  0x200000a8   Data           4  systemglobal.o(.data)
    TypeCodeTick                             0x200000ac   Data           1  systemglobal.o(.data)
    AckValue                                 0x200000ae   Data           2  systemglobal.o(.data)
    RssiFlag                                 0x200000b0   Data           1  systemglobal.o(.data)
    NonAck                                   0x200000b1   Data           1  systemglobal.o(.data)
    Read433Para                              0x200000b2   Data           1  systemglobal.o(.data)
    DevIdChooseIndex                         0x200000b3   Data           1  systemglobal.o(.data)
    FreSetIndex                              0x200000b4   Data           1  systemglobal.o(.data)
    TurnoffTick                              0x200000b6   Data           2  systemglobal.o(.data)
    LanSetIndex                              0x200000b8   Data           1  systemglobal.o(.data)
    DeviceNum                                0x200000b9   Data           1  systemglobal.o(.data)
    FouthMenuIndex                           0x200000ba   Data           1  systemglobal.o(.data)
    ForceSetIndex                            0x200000bb   Data           1  systemglobal.o(.data)
    MovementSetIndex                         0x200000bc   Data           2  systemglobal.o(.data)
    InOutIndex                               0x200000be   Data           1  systemglobal.o(.data)
    InOutValue                               0x200000bf   Data           1  systemglobal.o(.data)
    DelaySetIndex                            0x200000c0   Data           2  systemglobal.o(.data)
    SpacingIndex                             0x200000c2   Data           2  systemglobal.o(.data)
    OutNumIndex                              0x200000c4   Data           2  systemglobal.o(.data)
    LengthSetIndex                           0x200000c6   Data           2  systemglobal.o(.data)
    ABSetIndex                               0x200000c8   Data           1  systemglobal.o(.data)
    ABValue                                  0x200000c9   Data           1  systemglobal.o(.data)
    DeviceIDConfirmTick                      0x200000ca   Data           8  systemglobal.o(.data)
    SysConfirmTick                           0x200000d2   Data           8  systemglobal.o(.data)
    ParaConfirmTick                          0x200000da   Data           8  systemglobal.o(.data)
    TurnoffIndex                             0x200000e2   Data           1  systemglobal.o(.data)
    TurnoffValue                             0x200000e4   Data           2  systemglobal.o(.data)
    resetConfirm                             0x200000e6   Data           1  systemglobal.o(.data)
    writeConfirm                             0x200000e7   Data           1  systemglobal.o(.data)
    MultiButtonValue                         0x200000e8   Data           4  systemglobal.o(.data)
    MultiKey                                 0x200000ec   Data           1  systemglobal.o(.data)
    TransmitFail                             0x200000ed   Data           1  systemglobal.o(.data)
    Enableupdate                             0x200000ee   Data           1  systemglobal.o(.data)
    EnableRead                               0x200000ef   Data           1  systemglobal.o(.data)
    LanguageIndex                            0x200000f0   Data           1  systemglobal.o(.data)
    CalcuResult                              0x200000f2   Data           2  systemglobal.o(.data)
    CRC_Result                               0x200000f4   Data           2  systemglobal.o(.data)
    BatFlag                                  0x200000f6   Data           1  systemglobal.o(.data)
    Lock_Code                                0x200000f8   Data           4  systemglobal.o(.data)
    mutex                                    0x200000fc   Data           4  device_usart.o(.data)
    __stdout                                 0x20000104   Data           4  device_usart.o(.data)
    handshake_status                         0x20000108   Data           1  device_atk_as608.o(.data)
    AS608_Addr                               0x2000010c   Data           4  device_atk_as608.o(.data)
    ValidN                                   0x20000110   Data           2  device_atk_as608.o(.data)
    rt_interrupt_from_thread                 0x20000118   Data           4  cpuport.o(.data)
    rt_interrupt_to_thread                   0x2000011c   Data           4  cpuport.o(.data)
    rt_thread_switch_interrupt_flag          0x20000120   Data           4  cpuport.o(.data)
    rt_interrupt_nest                        0x2000012c   Data           1  irq.o(.data)
    rt_object_container                      0x20000148   Data          80  object.o(.data)
    rt_current_thread                        0x2000019c   Data           4  scheduler.o(.data)
    rt_current_priority                      0x200001a0   Data           1  scheduler.o(.data)
    rt_thread_ready_priority_group           0x200001a4   Data           4  scheduler.o(.data)
    rt_thread_defunct                        0x200001a8   Data           8  scheduler.o(.data)
    App                                      0x200001bc   Data          68  system.o(.bss)
    System                                   0x20000200   Data          52  system.o(.bss)
    Uart1Handle                              0x20000234   Data          64  systemglobal.o(.bss)
    Uart2Handle                              0x20000274   Data          64  systemglobal.o(.bss)
    Uart6Handle                              0x200002b4   Data          64  systemglobal.o(.bss)
    hdma_tx                                  0x200002f4   Data          88  systemglobal.o(.bss)
    hdma_rx                                  0x2000034c   Data          88  systemglobal.o(.bss)
    rx2Buff                                  0x200003a4   Data         512  systemglobal.o(.bss)
    rx1Buff                                  0x200005a4   Data          10  systemglobal.o(.bss)
    UART1_RxBuffer                           0x200005ae   Data         256  device_usart.o(.bss)
    UART1_TxBuffer                           0x200006ae   Data         256  device_usart.o(.bss)
    UART2_RxBuffer                           0x200007ae   Data         256  device_usart.o(.bss)
    UART2_TxBuffer                           0x200008ae   Data         256  device_usart.o(.bss)
    UART6_RxBuffer                           0x200009ae   Data         256  device_usart.o(.bss)
    UART6_TxBuffer                           0x20000aae   Data         256  device_usart.o(.bss)
    UsartType1                               0x20000bae   Data         260  device_usart.o(.bss)
    AS608Para                                0x20000cb4   Data          12  device_atk_as608.o(.bss)
    hpcd_USB_OTG_FS                          0x20000cc0   Data         952  usbd_conf.o(.bss)
    rt_thread_priority_table                 0x20001290   Data          64  scheduler.o(.bss)
    Image$$RW_IRAM1$$ZI$$Limit               0x200016d0   Number         0  anon$$obj.o ABSOLUTE
    __initial_sp                             0x200016d0   Data           0  startup_stm32f401xe.o(STACK)



==============================================================================

Memory Map of the image

  Image Entry point : 0x08000195

  Load Region LR_IROM1 (Base: 0x08000000, Size: 0x00006a2c, Max: 0x00080000, ABSOLUTE, COMPRESSED[0x000068f8])

    Execution Region ER_IROM1 (Base: 0x08000000, Size: 0x00006870, Max: 0x00080000, ABSOLUTE)

    Base Addr    Size         Type   Attr      Idx    E Section Name        Object

    0x08000000   0x00000194   Data   RO          474    RESET               startup_stm32f401xe.o
    0x08000194   0x00000000   Code   RO         7419  * .ARM.Collect$$$$00000000  mc_w.l(entry.o)
    0x08000194   0x00000004   Code   RO         7729    .ARM.Collect$$$$00000001  mc_w.l(entry2.o)
    0x08000198   0x00000004   Code   RO         7732    .ARM.Collect$$$$00000004  mc_w.l(entry5.o)
    0x0800019c   0x00000000   Code   RO         7734    .ARM.Collect$$$$00000008  mc_w.l(entry7b.o)
    0x0800019c   0x00000000   Code   RO         7736    .ARM.Collect$$$$0000000A  mc_w.l(entry8b.o)
    0x0800019c   0x00000008   Code   RO         7737    .ARM.Collect$$$$0000000B  mc_w.l(entry9a.o)
    0x080001a4   0x00000000   Code   RO         7739    .ARM.Collect$$$$0000000D  mc_w.l(entry10a.o)
    0x080001a4   0x00000000   Code   RO         7741    .ARM.Collect$$$$0000000F  mc_w.l(entry11a.o)
    0x080001a4   0x00000004   Code   RO         7730    .ARM.Collect$$$$00002712  mc_w.l(entry2.o)
    0x080001a8   0x00000024   Code   RO          475    .text               startup_stm32f401xe.o
    0x080001cc   0x0000010c   Code   RO         6431    .text               context_rvds.o
    0x080002d8   0x00000024   Code   RO         7424    .text               mc_w.l(memseta.o)
    0x080002fc   0x00000024   Code   RO         7426    .text               mc_w.l(strstr.o)
    0x08000320   0x00000062   Code   RO         7745    .text               mc_w.l(uldiv.o)
    0x08000382   0x00000020   Code   RO         7747    .text               mc_w.l(llushr.o)
    0x080003a2   0x00000002   PAD
    0x080003a4   0x00000024   Code   RO         7775    .text               mc_w.l(init.o)
    0x080003c8   0x0000001e   Code   RO         7777    .text               mc_w.l(llshl.o)
    0x080003e6   0x00000056   Code   RO         7789    .text               mc_w.l(__dczerorl2.o)
    0x0800043c   0x0000000e   Code   RO         6509    i.$Sub$$main        components.o
    0x0800044a   0x00000004   Code   RO          363    i.BusFault_Handler  stm32f4xx_it.o
    0x0800044e   0x00000002   PAD
    0x08000450   0x00000010   Code   RO         4543    i.DMA2_Stream2_IRQHandler  device_usart.o
    0x08000460   0x00000010   Code   RO         4544    i.DMA2_Stream7_IRQHandler  device_usart.o
    0x08000470   0x00000034   Code   RO         1624    i.DMA_CalcBaseAndBitshift  stm32f4xx_hal_dma.o
    0x080004a4   0x0000002c   Code   RO         1625    i.DMA_SetConfig     stm32f4xx_hal_dma.o
    0x080004d0   0x00000002   Code   RO          364    i.DebugMon_Handler  stm32f4xx_it.o
    0x080004d2   0x00000002   PAD
    0x080004d4   0x00000270   Code   RO         5545    i.EnsureMessage     device_atk_as608.o
    0x08000744   0x00000004   Code   RO         3778    i.Error_Handler     system.o
    0x08000748   0x00000034   Code   RO         5546    i.FingerDetect      device_atk_as608.o
    0x0800077c   0x00000010   Code   RO         4949    i.FlashRead         device_flash.o
    0x0800078c   0x00000068   Code   RO         4696    i.Gpio_init         device_gpio.o
    0x080007f4   0x0000005e   Code   RO         1626    i.HAL_DMA_Abort     stm32f4xx_hal_dma.o
    0x08000852   0x00000002   PAD
    0x08000854   0x00000218   Code   RO         1630    i.HAL_DMA_IRQHandler  stm32f4xx_hal_dma.o
    0x08000a6c   0x00000084   Code   RO         1631    i.HAL_DMA_Init      stm32f4xx_hal_dma.o
    0x08000af0   0x0000006a   Code   RO         1634    i.HAL_DMA_Start_IT  stm32f4xx_hal_dma.o
    0x08000b5a   0x00000002   PAD
    0x08000b5c   0x000001d4   Code   RO          759    i.HAL_GPIO_Init     stm32f4xx_hal_gpio.o
    0x08000d30   0x00000010   Code   RO          761    i.HAL_GPIO_ReadPin  stm32f4xx_hal_gpio.o
    0x08000d40   0x0000000c   Code   RO          763    i.HAL_GPIO_WritePin  stm32f4xx_hal_gpio.o
    0x08000d4c   0x0000000c   Code   RO          495    i.HAL_GetTick       stm32f4xx_hal.o
    0x08000d58   0x00000010   Code   RO          496    i.HAL_IncTick       stm32f4xx_hal.o
    0x08000d68   0x0000003c   Code   RO          497    i.HAL_Init          stm32f4xx_hal.o
    0x08000da4   0x00000024   Code   RO          498    i.HAL_InitTick      stm32f4xx_hal.o
    0x08000dc8   0x0000000a   Code   RO          500    i.HAL_MspInit       stm32f4xx_hal.o
    0x08000dd2   0x0000001a   Code   RO          631    i.HAL_NVIC_EnableIRQ  stm32f4xx_hal_cortex.o
    0x08000dec   0x0000007c   Code   RO          637    i.HAL_NVIC_SetPriority  stm32f4xx_hal_cortex.o
    0x08000e68   0x00000028   Code   RO          638    i.HAL_NVIC_SetPriorityGrouping  stm32f4xx_hal_cortex.o
    0x08000e90   0x0000000e   Code   RO         5766    i.HAL_PCD_ConnectCallback  usbd_conf.o
    0x08000e9e   0x00000020   Code   RO         5767    i.HAL_PCD_DataInStageCallback  usbd_conf.o
    0x08000ebe   0x00000020   Code   RO         5768    i.HAL_PCD_DataOutStageCallback  usbd_conf.o
    0x08000ede   0x0000000e   Code   RO         5769    i.HAL_PCD_DisconnectCallback  usbd_conf.o
    0x08000eec   0x00000068   Code   RO         2759    i.HAL_PCD_EP_ClrStall  stm32f4xx_hal_pcd.o
    0x08000f54   0x0000008c   Code   RO         2762    i.HAL_PCD_EP_Open   stm32f4xx_hal_pcd.o
    0x08000fe0   0x00000078   Code   RO         2763    i.HAL_PCD_EP_Receive  stm32f4xx_hal_pcd.o
    0x08001058   0x0000007a   Code   RO         2764    i.HAL_PCD_EP_SetStall  stm32f4xx_hal_pcd.o
    0x080010d2   0x0000007a   Code   RO         2765    i.HAL_PCD_EP_Transmit  stm32f4xx_hal_pcd.o
    0x0800114c   0x0000055e   Code   RO         2767    i.HAL_PCD_IRQHandler  stm32f4xx_hal_pcd.o
    0x080016aa   0x00000012   Code   RO         5770    i.HAL_PCD_ISOINIncompleteCallback  usbd_conf.o
    0x080016bc   0x00000012   Code   RO         5771    i.HAL_PCD_ISOOUTIncompleteCallback  usbd_conf.o
    0x080016ce   0x00000042   Code   RO         5774    i.HAL_PCD_ResetCallback  usbd_conf.o
    0x08001710   0x0000000e   Code   RO         5775    i.HAL_PCD_ResumeCallback  usbd_conf.o
    0x0800171e   0x0000000e   Code   RO         5776    i.HAL_PCD_SOFCallback  usbd_conf.o
    0x0800172c   0x00000032   Code   RO         2775    i.HAL_PCD_SetAddress  stm32f4xx_hal_pcd.o
    0x0800175e   0x00000012   Code   RO         5777    i.HAL_PCD_SetupStageCallback  usbd_conf.o
    0x08001770   0x00000034   Code   RO         5778    i.HAL_PCD_SuspendCallback  usbd_conf.o
    0x080017a4   0x000002b0   Code   RO         1021    i.HAL_RCC_ClockConfig  stm32f4xx_hal_rcc.o
    0x08001a54   0x00000038   Code   RO         1026    i.HAL_RCC_GetHCLKFreq  stm32f4xx_hal_rcc.o
    0x08001a8c   0x0000002c   Code   RO         1028    i.HAL_RCC_GetPCLK1Freq  stm32f4xx_hal_rcc.o
    0x08001ab8   0x0000002c   Code   RO         1029    i.HAL_RCC_GetPCLK2Freq  stm32f4xx_hal_rcc.o
    0x08001ae4   0x000000b4   Code   RO         1030    i.HAL_RCC_GetSysClockFreq  stm32f4xx_hal_rcc.o
    0x08001b98   0x00000408   Code   RO         1033    i.HAL_RCC_OscConfig  stm32f4xx_hal_rcc.o
    0x08001fa0   0x00000028   Code   RO          640    i.HAL_SYSTICK_CLKSourceConfig  stm32f4xx_hal_cortex.o
    0x08001fc8   0x00000034   Code   RO          642    i.HAL_SYSTICK_Config  stm32f4xx_hal_cortex.o
    0x08001ffc   0x0000003e   Code   RO         1171    i.HAL_UART_DMAStop  stm32f4xx_hal_uart.o
    0x0800203a   0x00000002   Code   RO         1173    i.HAL_UART_ErrorCallback  stm32f4xx_hal_uart.o
    0x0800203c   0x00000024   Code   RO         1176    i.HAL_UART_IRQHandler  stm32f4xx_hal_uart.o
    0x08002060   0x00000072   Code   RO         1177    i.HAL_UART_Init     stm32f4xx_hal_uart.o
    0x080020d2   0x00000002   Code   RO         1179    i.HAL_UART_MspInit  stm32f4xx_hal_uart.o
    0x080020d4   0x00000088   Code   RO         1181    i.HAL_UART_Receive_DMA  stm32f4xx_hal_uart.o
    0x0800215c   0x00000058   Code   RO         1182    i.HAL_UART_Receive_IT  stm32f4xx_hal_uart.o
    0x080021b4   0x0000007c   Code   RO         4545    i.HAL_UART_RxCpltCallback  device_usart.o
    0x08002230   0x00000002   Code   RO         1183    i.HAL_UART_RxHalfCpltCallback  stm32f4xx_hal_uart.o
    0x08002232   0x000000c4   Code   RO         1184    i.HAL_UART_Transmit  stm32f4xx_hal_uart.o
    0x080022f6   0x00000002   PAD
    0x080022f8   0x00000094   Code   RO         1185    i.HAL_UART_Transmit_DMA  stm32f4xx_hal_uart.o
    0x0800238c   0x00000024   Code   RO         4546    i.HAL_UART_TxCpltCallback  device_usart.o
    0x080023b0   0x00000002   Code   RO         1187    i.HAL_UART_TxHalfCpltCallback  stm32f4xx_hal_uart.o
    0x080023b2   0x00000002   PAD
    0x080023b4   0x00000200   Code   RO         3780    i.HSI_Clock_Init    system.o
    0x080025b4   0x00000070   Code   RO            4    i.InitData          main.o
    0x08002624   0x00000078   Code   RO         4547    i.JudgeStr          device_usart.o
    0x0800269c   0x00000004   Code   RO          365    i.MemManage_Handler  stm32f4xx_it.o
    0x080026a0   0x00000002   Code   RO          366    i.NMI_Handler       stm32f4xx_it.o
    0x080026a2   0x00000002   PAD
    0x080026a4   0x00000010   Code   RO          644    i.NVIC_GetPriorityGrouping  stm32f4xx_hal_cortex.o
    0x080026b4   0x00000028   Code   RO          645    i.NVIC_SetPriority  stm32f4xx_hal_cortex.o
    0x080026dc   0x00000010   Code   RO          367    i.OTG_FS_IRQHandler  stm32f4xx_it.o
    0x080026ec   0x000000b0   Code   RO         2780    i.PCD_WriteEmptyTxFifo  stm32f4xx_hal_pcd.o
    0x0800279c   0x0000004c   Code   RO         5549    i.PS_GenChar        device_atk_as608.o
    0x080027e8   0x0000003a   Code   RO         5550    i.PS_GetImage       device_atk_as608.o
    0x08002822   0x00000002   PAD
    0x08002824   0x0000006c   Code   RO         5551    i.PS_HandShake      device_atk_as608.o
    0x08002890   0x000000a0   Code   RO         5552    i.PS_HighSpeedSearch  device_atk_as608.o
    0x08002930   0x000000f0   Code   RO         5554    i.PS_ReadSysPara    device_atk_as608.o
    0x08002a20   0x00000088   Code   RO         5557    i.PS_ValidTempleteNum  device_atk_as608.o
    0x08002aa8   0x00000002   Code   RO          368    i.SVC_Handler       stm32f4xx_it.o
    0x08002aaa   0x00000002   PAD
    0x08002aac   0x00000028   Code   RO         5558    i.SendAddr          device_atk_as608.o
    0x08002ad4   0x0000001c   Code   RO         5559    i.SendCheck         device_atk_as608.o
    0x08002af0   0x00000014   Code   RO         5560    i.SendFlag          device_atk_as608.o
    0x08002b04   0x00000018   Code   RO         5561    i.SendHead          device_atk_as608.o
    0x08002b1c   0x0000001c   Code   RO         5562    i.SendLength        device_atk_as608.o
    0x08002b38   0x00000014   Code   RO         5563    i.Sendcmd           device_atk_as608.o
    0x08002b4c   0x00000014   Code   RO         7369    i.SysTick_Handler   board.o
    0x08002b60   0x00000064   Code   RO          435    i.SystemInit        system_stm32f4xx.o
    0x08002bc4   0x00000026   Code   RO         1188    i.UART_DMAError     stm32f4xx_hal_uart.o
    0x08002bea   0x0000002e   Code   RO         1189    i.UART_DMAReceiveCplt  stm32f4xx_hal_uart.o
    0x08002c18   0x0000000e   Code   RO         1190    i.UART_DMARxHalfCplt  stm32f4xx_hal_uart.o
    0x08002c26   0x00000036   Code   RO         1191    i.UART_DMATransmitCplt  stm32f4xx_hal_uart.o
    0x08002c5c   0x0000000e   Code   RO         1192    i.UART_DMATxHalfCplt  stm32f4xx_hal_uart.o
    0x08002c6a   0x00000066   Code   RO         1194    i.UART_Receive_IT   stm32f4xx_hal_uart.o
    0x08002cd0   0x00000368   Code   RO         1195    i.UART_SetConfig    stm32f4xx_hal_uart.o
    0x08003038   0x00000104   Code   RO         1197    i.UART_WaitOnFlagUntilTimeout  stm32f4xx_hal_uart.o
    0x0800313c   0x00000018   Code   RO         4548    i.USART1_IRQHandler  device_usart.o
    0x08003154   0x0000001c   Code   RO         4549    i.USART2_IRQHandler  device_usart.o
    0x08003170   0x00000016   Code   RO         6141    i.USBD_ClrClassConfig  usbd_core.o
    0x08003186   0x00000044   Code   RO         6279    i.USBD_ClrFeature   usbd_ctlreq.o
    0x080031ca   0x00000018   Code   RO         6374    i.USBD_CtlContinueRx  usbd_ioreq.o
    0x080031e2   0x00000018   Code   RO         6375    i.USBD_CtlContinueSendData  usbd_ioreq.o
    0x080031fa   0x00000018   Code   RO         6280    i.USBD_CtlError     usbd_ctlreq.o
    0x08003212   0x0000001a   Code   RO         6377    i.USBD_CtlReceiveStatus  usbd_ioreq.o
    0x0800322c   0x00000022   Code   RO         6378    i.USBD_CtlSendData  usbd_ioreq.o
    0x0800324e   0x0000001a   Code   RO         6379    i.USBD_CtlSendStatus  usbd_ioreq.o
    0x08003268   0x00000050   Code   RO         6281    i.USBD_GetConfig    usbd_ctlreq.o
    0x080032b8   0x00000148   Code   RO         6282    i.USBD_GetDescriptor  usbd_ctlreq.o
    0x08003400   0x00000044   Code   RO         6284    i.USBD_GetStatus    usbd_ctlreq.o
    0x08003444   0x00000014   Code   RO         5779    i.USBD_LL_ClearStallEP  usbd_conf.o
    0x08003458   0x000000da   Code   RO         6144    i.USBD_LL_DataInStage  usbd_core.o
    0x08003532   0x00000086   Code   RO         6145    i.USBD_LL_DataOutStage  usbd_core.o
    0x080035b8   0x00000006   Code   RO         6146    i.USBD_LL_DevConnected  usbd_core.o
    0x080035be   0x0000001a   Code   RO         6147    i.USBD_LL_DevDisconnected  usbd_core.o
    0x080035d8   0x00000038   Code   RO         5786    i.USBD_LL_IsStallEP  usbd_conf.o
    0x08003610   0x00000006   Code   RO         6148    i.USBD_LL_IsoINIncomplete  usbd_core.o
    0x08003616   0x00000006   Code   RO         6149    i.USBD_LL_IsoOUTIncomplete  usbd_core.o
    0x0800361c   0x00000020   Code   RO         5787    i.USBD_LL_OpenEP    usbd_conf.o
    0x0800363c   0x00000020   Code   RO         5788    i.USBD_LL_PrepareReceive  usbd_conf.o
    0x0800365c   0x00000044   Code   RO         6150    i.USBD_LL_Reset     usbd_core.o
    0x080036a0   0x0000000e   Code   RO         6151    i.USBD_LL_Resume    usbd_core.o
    0x080036ae   0x00000022   Code   RO         6152    i.USBD_LL_SOF       usbd_core.o
    0x080036d0   0x00000008   Code   RO         6153    i.USBD_LL_SetSpeed  usbd_core.o
    0x080036d8   0x00000014   Code   RO         5789    i.USBD_LL_SetUSBAddress  usbd_conf.o
    0x080036ec   0x0000006e   Code   RO         6154    i.USBD_LL_SetupStage  usbd_core.o
    0x0800375a   0x00000014   Code   RO         5790    i.USBD_LL_StallEP   usbd_conf.o
    0x0800376e   0x00000014   Code   RO         6155    i.USBD_LL_Suspend   usbd_core.o
    0x08003782   0x0000002e   Code   RO         5793    i.USBD_LL_Transmit  usbd_conf.o
    0x080037b0   0x00000028   Code   RO         6286    i.USBD_ParseSetupRequest  usbd_ctlreq.o
    0x080037d8   0x00000006   Code   RO         6157    i.USBD_RunTestMode  usbd_core.o
    0x080037de   0x00000054   Code   RO         6287    i.USBD_SetAddress   usbd_ctlreq.o
    0x08003832   0x00000022   Code   RO         6158    i.USBD_SetClassConfig  usbd_core.o
    0x08003854   0x000000e0   Code   RO         6288    i.USBD_SetConfig    usbd_ctlreq.o
    0x08003934   0x00000024   Code   RO         6289    i.USBD_SetFeature   usbd_ctlreq.o
    0x08003958   0x00000072   Code   RO         6290    i.USBD_StdDevReq    usbd_ctlreq.o
    0x080039ca   0x00000156   Code   RO         6291    i.USBD_StdEPReq     usbd_ctlreq.o
    0x08003b20   0x0000004a   Code   RO         6292    i.USBD_StdItfReq    usbd_ctlreq.o
    0x08003b6a   0x00000002   PAD
    0x08003b6c   0x000000c4   Code   RO         2989    i.USB_ActivateEndpoint  stm32f4xx_ll_usb.o
    0x08003c30   0x00000044   Code   RO         2990    i.USB_ActivateSetup  stm32f4xx_ll_usb.o
    0x08003c74   0x000001b0   Code   RO         3002    i.USB_EP0StartXfer  stm32f4xx_ll_usb.o
    0x08003e24   0x00000044   Code   RO         3003    i.USB_EP0_OutStart  stm32f4xx_ll_usb.o
    0x08003e68   0x00000088   Code   RO         3004    i.USB_EPClearStall  stm32f4xx_ll_usb.o
    0x08003ef0   0x0000008c   Code   RO         3005    i.USB_EPSetStall    stm32f4xx_ll_usb.o
    0x08003f7c   0x000002d0   Code   RO         3006    i.USB_EPStartXfer   stm32f4xx_ll_usb.o
    0x0800424c   0x00000030   Code   RO         3009    i.USB_FlushTxFifo   stm32f4xx_ll_usb.o
    0x0800427c   0x00000044   Code   RO         3011    i.USB_GetDevSpeed   stm32f4xx_ll_usb.o
    0x080042c0   0x0000000a   Code   RO         3013    i.USB_GetMode       stm32f4xx_ll_usb.o
    0x080042ca   0x00000012   Code   RO         3020    i.USB_ReadDevAllInEpInterrupt  stm32f4xx_ll_usb.o
    0x080042dc   0x00000012   Code   RO         3021    i.USB_ReadDevAllOutEpInterrupt  stm32f4xx_ll_usb.o
    0x080042ee   0x0000002c   Code   RO         3022    i.USB_ReadDevInEPInterrupt  stm32f4xx_ll_usb.o
    0x0800431a   0x00000016   Code   RO         3023    i.USB_ReadDevOutEPInterrupt  stm32f4xx_ll_usb.o
    0x08004330   0x0000000c   Code   RO         3024    i.USB_ReadInterrupts  stm32f4xx_ll_usb.o
    0x0800433c   0x00000028   Code   RO         3025    i.USB_ReadPacket    stm32f4xx_ll_usb.o
    0x08004364   0x00000024   Code   RO         3028    i.USB_SetDevAddress  stm32f4xx_ll_usb.o
    0x08004388   0x0000003a   Code   RO         3032    i.USB_WritePacket   stm32f4xx_ll_usb.o
    0x080043c2   0x00000004   Code   RO          369    i.UsageFault_Handler  stm32f4xx_it.o
    0x080043c6   0x00000002   PAD
    0x080043c8   0x00000058   Code   RO         4550    i.UsartReceive_IDLE  device_usart.o
    0x08004420   0x00000020   Code   RO         7563    i.__0printf$5       mc_w.l(printf5.o)
    0x08004440   0x0000004c   Code   RO         6779    i.__rt_ffs          kservice.o
    0x0800448c   0x0000000e   Code   RO         7783    i.__scatterload_copy  mc_w.l(handlers.o)
    0x0800449a   0x00000002   Code   RO         7784    i.__scatterload_null  mc_w.l(handlers.o)
    0x0800449c   0x0000000e   Code   RO         7785    i.__scatterload_zeroinit  mc_w.l(handlers.o)
    0x080044aa   0x00000002   PAD
    0x080044ac   0x00000014   Code   RO         6583    i._has_defunct_thread  idle.o
    0x080044c0   0x000002c0   Code   RO         7570    i._printf_core      mc_w.l(printf5.o)
    0x08004780   0x00000084   Code   RO         7143    i._rt_thread_init   thread.o
    0x08004804   0x00000042   Code   RO         7258    i._rt_timer_init    timer.o
    0x08004846   0x0000002e   Code   RO         7259    i._rt_timer_remove  timer.o
    0x08004874   0x00000044   Code   RO         3782    i.delay_init        system.o
    0x080048b8   0x00000050   Code   RO         3783    i.delay_ms          system.o
    0x08004908   0x00000008   Code   RO         3784    i.delay_osschedlock  system.o
    0x08004910   0x00000008   Code   RO         3785    i.delay_osschedunlock  system.o
    0x08004918   0x0000000c   Code   RO         3786    i.delay_ostimedly   system.o
    0x08004924   0x00000058   Code   RO         3787    i.delay_us          system.o
    0x0800497c   0x00000018   Code   RO         4552    i.fputc             device_usart.o
    0x08004994   0x00000094   Code   RO            5    i.main              main.o
    0x08004a28   0x0000000e   Code   RO         6510    i.main_thread_entry  components.o
    0x08004a36   0x00000002   PAD
    0x08004a38   0x00000078   Code   RO         6956    i.plug_holes        mem.o
    0x08004ab0   0x000000a4   Code   RO         5564    i.press_FR          device_atk_as608.o
    0x08004b54   0x0000018c   Code   RO         6781    i.print_number      kservice.o
    0x08004ce0   0x0000002c   Code   RO         6511    i.rt_application_init  components.o
    0x08004d0c   0x0000001c   Code   RO         6512    i.rt_components_board_init  components.o
    0x08004d28   0x0000001c   Code   RO         6513    i.rt_components_init  components.o
    0x08004d44   0x00000020   Code   RO         7077    i.rt_enter_critical  scheduler.o
    0x08004d64   0x0000003c   Code   RO         7078    i.rt_exit_critical  scheduler.o
    0x08004da0   0x00000078   Code   RO         6958    i.rt_free           mem.o
    0x08004e18   0x000000c8   Code   RO         7370    i.rt_hw_board_init  board.o
    0x08004ee0   0x00000024   Code   RO            6    i.rt_hw_console_output  main.o
    0x08004f04   0x0000010c   Code   RO         6437    i.rt_hw_hard_fault_exception  cpuport.o
    0x08005010   0x00000050   Code   RO         6438    i.rt_hw_stack_init  cpuport.o
    0x08005060   0x00000020   Code   RO         6752    i.rt_interrupt_enter  irq.o
    0x08005080   0x00000020   Code   RO         6754    i.rt_interrupt_leave  irq.o
    0x080050a0   0x00000014   Code   RO         6623    i.rt_ipc_list_resume  ipc.o
    0x080050b4   0x0000006c   Code   RO         6625    i.rt_ipc_list_suspend  ipc.o
    0x08005120   0x00000010   Code   RO         6626    i.rt_ipc_object_init  ipc.o
    0x08005130   0x00000030   Code   RO         6785    i.rt_kprintf        kservice.o
    0x08005160   0x00000006   Code   RO         7079    i.rt_list_init      scheduler.o
    0x08005166   0x00000006   Code   RO         7260    i.rt_list_init      timer.o
    0x0800516c   0x0000000e   Code   RO         7006    i.rt_list_insert_after  object.o
    0x0800517a   0x0000000e   Code   RO         7144    i.rt_list_insert_after  thread.o
    0x08005188   0x0000000e   Code   RO         7261    i.rt_list_insert_after  timer.o
    0x08005196   0x0000000e   Code   RO         6627    i.rt_list_insert_before  ipc.o
    0x080051a4   0x00000010   Code   RO         6628    i.rt_list_isempty   ipc.o
    0x080051b4   0x00000010   Code   RO         7262    i.rt_list_isempty   timer.o
    0x080051c4   0x00000012   Code   RO         7007    i.rt_list_remove    object.o
    0x080051d6   0x00000012   Code   RO         7145    i.rt_list_remove    thread.o
    0x080051e8   0x0000016c   Code   RO         6959    i.rt_malloc         mem.o
    0x08005354   0x00000048   Code   RO         6791    i.rt_memset         kservice.o
    0x0800539c   0x00000032   Code   RO         6630    i.rt_mutex_create   ipc.o
    0x080053ce   0x00000002   PAD
    0x080053d0   0x0000004c   Code   RO         7008    i.rt_object_allocate  object.o
    0x0800541c   0x00000020   Code   RO         7009    i.rt_object_delete  object.o
    0x0800543c   0x0000001a   Code   RO         7010    i.rt_object_detach  object.o
    0x08005456   0x00000002   PAD
    0x08005458   0x00000040   Code   RO         7013    i.rt_object_init    object.o
    0x08005498   0x00000012   Code   RO         7014    i.rt_object_is_systemobject  object.o
    0x080054aa   0x00000002   PAD
    0x080054ac   0x0000007c   Code   RO         7080    i.rt_schedule       scheduler.o
    0x08005528   0x00000048   Code   RO         7081    i.rt_schedule_insert_thread  scheduler.o
    0x08005570   0x00000054   Code   RO         7082    i.rt_schedule_remove_thread  scheduler.o
    0x080055c4   0x00000026   Code   RO         6640    i.rt_sem_init       ipc.o
    0x080055ea   0x0000003a   Code   RO         6641    i.rt_sem_release    ipc.o
    0x08005624   0x00000074   Code   RO         6642    i.rt_sem_take       ipc.o
    0x08005698   0x000000d8   Code   RO         6793    i.rt_show_version   kservice.o
    0x08005770   0x00000012   Code   RO         6799    i.rt_strlen         kservice.o
    0x08005782   0x00000034   Code   RO         6801    i.rt_strncpy        kservice.o
    0x080057b6   0x00000002   PAD
    0x080057b8   0x000000f8   Code   RO         6962    i.rt_system_heap_init  mem.o
    0x080058b0   0x0000004c   Code   RO         7083    i.rt_system_scheduler_init  scheduler.o
    0x080058fc   0x00000030   Code   RO         7084    i.rt_system_scheduler_start  scheduler.o
    0x0800592c   0x0000001c   Code   RO         7263    i.rt_system_timer_init  timer.o
    0x08005948   0x00000002   Code   RO         7264    i.rt_system_timer_thread_init  timer.o
    0x0800594a   0x00000050   Code   RO         7147    i.rt_thread_create  thread.o
    0x0800599a   0x0000000c   Code   RO         7148    i.rt_thread_delay   thread.o
    0x080059a6   0x00000002   PAD
    0x080059a8   0x00000054   Code   RO         7151    i.rt_thread_exit    thread.o
    0x080059fc   0x00000008   Code   RO         6584    i.rt_thread_idle_entry  idle.o
    0x08005a04   0x00000078   Code   RO         6585    i.rt_thread_idle_excute  idle.o
    0x08005a7c   0x0000003c   Code   RO         6587    i.rt_thread_idle_init  idle.o
    0x08005ab8   0x00000034   Code   RO         7153    i.rt_thread_init    thread.o
    0x08005aec   0x00000038   Code   RO         7154    i.rt_thread_resume  thread.o
    0x08005b24   0x0000000c   Code   RO         7155    i.rt_thread_self    thread.o
    0x08005b30   0x00000044   Code   RO         7156    i.rt_thread_sleep   thread.o
    0x08005b74   0x0000002c   Code   RO         7157    i.rt_thread_startup  thread.o
    0x08005ba0   0x00000036   Code   RO         7158    i.rt_thread_suspend  thread.o
    0x08005bd6   0x00000020   Code   RO         7159    i.rt_thread_timeout  thread.o
    0x08005bf6   0x00000002   PAD
    0x08005bf8   0x00000060   Code   RO         7160    i.rt_thread_yield   thread.o
    0x08005c58   0x0000000c   Code   RO         6470    i.rt_tick_get       clock.o
    0x08005c64   0x00000030   Code   RO         6471    i.rt_tick_increase  clock.o
    0x08005c94   0x0000007c   Code   RO         7265    i.rt_timer_check    timer.o
    0x08005d10   0x00000038   Code   RO         7266    i.rt_timer_control  timer.o
    0x08005d48   0x00000020   Code   RO         7269    i.rt_timer_detach   timer.o
    0x08005d68   0x0000002e   Code   RO         7270    i.rt_timer_init     timer.o
    0x08005d96   0x00000002   PAD
    0x08005d98   0x000000f8   Code   RO         7273    i.rt_timer_start    timer.o
    0x08005e90   0x00000030   Code   RO         7274    i.rt_timer_stop     timer.o
    0x08005ec0   0x00000328   Code   RO         6804    i.rt_vsnprintf      kservice.o
    0x080061e8   0x00000004   Code   RO         6514    i.rti_board_end     components.o
    0x080061ec   0x00000004   Code   RO         6515    i.rti_board_start   components.o
    0x080061f0   0x00000004   Code   RO         6516    i.rti_end           components.o
    0x080061f4   0x0000002a   Code   RO         6518    i.rtthread_startup  components.o
    0x0800621e   0x00000026   Code   RO         6806    i.skip_atoi         kservice.o
    0x08006244   0x000000d8   Code   RO         5565    i.thread_Fingerprint_Detect_entry  device_atk_as608.o
    0x0800631c   0x00000018   Code   RO         4554    i.uart1_SendByte    device_usart.o
    0x08006334   0x00000038   Code   RO         4555    i.uart1_SendData_DMA  device_usart.o
    0x0800636c   0x0000001c   Code   RO         4556    i.uart1_SendNByte   device_usart.o
    0x08006388   0x00000024   Code   RO         4557    i.uart1_SendString  device_usart.o
    0x080063ac   0x00000208   Code   RO         4558    i.uart1_init        device_usart.o
    0x080065b4   0x00000018   Code   RO         4559    i.uart2_SendByte    device_usart.o
    0x080065cc   0x00000024   Code   RO         4561    i.uart2_SendString  device_usart.o
    0x080065f0   0x00000118   Code   RO         4562    i.uart2_init        device_usart.o
    0x08006708   0x00000010   Data   RO         1034    .constdata          stm32f4xx_hal_rcc.o
    0x08006718   0x00000008   Data   RO         1635    .constdata          stm32f4xx_hal_dma.o
    0x08006720   0x00000122   Data   RO         6808    .constdata          kservice.o
    0x08006842   0x00000002   PAD
    0x08006844   0x00000004   Data   RO         6520    .rti_fn.0.end       components.o
    0x08006848   0x00000004   Data   RO         6521    .rti_fn.1.end       components.o
    0x0800684c   0x00000004   Data   RO         6522    .rti_fn.6.end       components.o
    0x08006850   0x00000020   Data   RO         7781    Region$$Table       anon$$obj.o


    Execution Region RW_IRAM1 (Base: 0x20000000, Size: 0x000016d0, Max: 0x00018000, ABSOLUTE, COMPRESSED[0x00000088])

    Base Addr    Size         Type   Attr      Idx    E Section Name        Object

    0x20000000   0x0000000c   Data   RW            7    .data               main.o
    0x2000000c   0x00000004   Data   RW          437    .data               system_stm32f4xx.o
    0x20000010   0x00000004   Data   RW          503    .data               stm32f4xx_hal.o
    0x20000014   0x0000002c   Data   RW         3790    .data               system.o
    0x20000040   0x000000bc   Data   RW         3870    .data               systemglobal.o
    0x200000fc   0x0000000c   Data   RW         4564    .data               device_usart.o
    0x20000108   0x0000000c   Data   RW         5567    .data               device_atk_as608.o
    0x20000114   0x00000001   Data   RW         6293    .data               usbd_ctlreq.o
    0x20000115   0x00000003   PAD
    0x20000118   0x00000010   Data   RW         6439    .data               cpuport.o
    0x20000128   0x00000004   Data   RW         6473    .data               clock.o
    0x2000012c   0x00000001   Data   RW         6755    .data               irq.o
    0x2000012d   0x00000003   PAD
    0x20000130   0x00000018   Data   RW         6964    .data               mem.o
    0x20000148   0x00000050   Data   RW         7016    .data               object.o
    0x20000198   0x00000018   Data   RW         7086    .data               scheduler.o
    0x200001b0   0x0000000c   Data   RW         7275    .data               timer.o
    0x200001bc   0x00000078   Zero   RW         3788    .bss                system.o
    0x20000234   0x0000037a   Zero   RW         3868    .bss                systemglobal.o
    0x200005ae   0x00000704   Zero   RW         4563    .bss                device_usart.o
    0x20000cb2   0x00000002   PAD
    0x20000cb4   0x0000000c   Zero   RW         5566    .bss                device_atk_as608.o
    0x20000cc0   0x000003b8   Zero   RW         5794    .bss                usbd_conf.o
    0x20001078   0x00000178   Zero   RW         6588    .bss                idle.o
    0x200011f0   0x00000080   Zero   RW         6807    .bss                kservice.o
    0x20001270   0x00000020   Zero   RW         6963    .bss                mem.o
    0x20001290   0x00000040   Zero   RW         7085    .bss                scheduler.o
    0x200012d0   0x00000400   Zero   RW          472    STACK               startup_stm32f401xe.o


==============================================================================

Image component sizes


      Code (inc. data)   RO Data    RW Data    ZI Data      Debug   Object Name

       220         46          0          0          0      27852   board.o
        60         12          0          4          0       1265   clock.o
       182         28         12          0          0       5816   components.o
       268         24          0          0          0        916   context_rvds.o
       348        166          0         16          0       3754   cpuport.o
      1994        788          0         12         12      10650   device_atk_as608.o
        16          6          0          0          0        876   device_flash.o
       104         10          0          0          0        904   device_gpio.o
      1480        196          0         12       1796      15817   device_usart.o
         0          0          0          0          0       4384   device_usb.o
       208         32          0          0        376       4162   idle.o
       436          0          0          0          0       7503   ipc.o
        64         12          0          1          0       1702   irq.o
      1724        198        290          0        128       9228   kservice.o
       296        118          0         12          0     395490   main.o
       852        150          0         24         32       4088   mem.o
       248         10          0         80          0       6138   object.o
       502         88          0         24         64       7226   scheduler.o
        36          8        404          0       1024        836   startup_stm32f401xe.o
       134         16          0          4          0       4192   stm32f4xx_hal.o
       338         22          0          0          0      31465   stm32f4xx_hal_cortex.o
       964         16          8          0          0       5223   stm32f4xx_hal_dma.o
       496         32          0          0          0       3083   stm32f4xx_hal_gpio.o
      2208          0          0          0          0       8011   stm32f4xx_hal_pcd.o
      2044         66         16          0          0       6055   stm32f4xx_hal_rcc.o
      2188         34          0          0          0      13802   stm32f4xx_hal_uart.o
        34          6          0          0          0       3191   stm32f4xx_it.o
      2134         20          0          0          0      13301   stm32f4xx_ll_usb.o
       780         54          0         44        120      11031   system.o
       100         18          0          4          0       1053   system_stm32f4xx.o
         0          0          0        188        890       5565   systemglobal.o
       754         36          0          0          0      10959   thread.o
       732         20          0         12          0      10200   timer.o
       518          6          0          0        952      17115   usbd_conf.o
       712          0          0          0          0      11215   usbd_core.o
      1482         30          0          1          0       9867   usbd_ctlreq.o
       134          0          0          0          0       4140   usbd_ioreq.o

    ----------------------------------------------------------------------
     24828       2268        764        444       5396     678075   Object Totals
         0          0         32          0          0          0   (incl. Generated)
        38          0          2          6          2          0   (incl. Padding)

    ----------------------------------------------------------------------

      Code (inc. data)   RO Data    RW Data    ZI Data      Debug   Library Member Name

        86          0          0          0          0          0   __dczerorl2.o
         0          0          0          0          0          0   entry.o
         0          0          0          0          0          0   entry10a.o
         0          0          0          0          0          0   entry11a.o
         8          4          0          0          0          0   entry2.o
         4          0          0          0          0          0   entry5.o
         0          0          0          0          0          0   entry7b.o
         0          0          0          0          0          0   entry8b.o
         8          4          0          0          0          0   entry9a.o
        30          0          0          0          0          0   handlers.o
        36          8          0          0          0         68   init.o
        30          0          0          0          0         68   llshl.o
        32          0          0          0          0         68   llushr.o
        36          0          0          0          0        108   memseta.o
       736         56          0          0          0        184   printf5.o
        36          0          0          0          0         80   strstr.o
        98          0          0          0          0         92   uldiv.o

    ----------------------------------------------------------------------
      1144         72          0          0          0        668   Library Totals
         4          0          0          0          0          0   (incl. Padding)

    ----------------------------------------------------------------------

      Code (inc. data)   RO Data    RW Data    ZI Data      Debug   Library Name

      1140         72          0          0          0        668   mc_w.l

    ----------------------------------------------------------------------
      1144         72          0          0          0        668   Library Totals

    ----------------------------------------------------------------------

==============================================================================


      Code (inc. data)   RO Data    RW Data    ZI Data      Debug   

     25972       2340        764        444       5396     653167   Grand Totals
     25972       2340        764        136       5396     653167   ELF Image Totals (compressed)
     25972       2340        764        136          0          0   ROM Totals

==============================================================================

    Total RO  Size (Code + RO Data)                26736 (  26.11kB)
    Total RW  Size (RW Data + ZI Data)              5840 (   5.70kB)
    Total ROM Size (Code + RO Data + RW Data)      26872 (  26.24kB)

==============================================================================

